SKIP already on live: book-a-carpenter
SKIP already on live: 2-visits-fabric-sofa-cleaning
SKIP already on live: 3-visits-mattress-cleaning
SKIP already on live: bed-cleaning
SKIP already on live: bedroom-essential-cleaning
SKIP already on live: carpet-cleaning
SKIP already on live: dining-table-chairs-cleaning
SKIP already on live: fabric-headboard
SKIP already on live: fabric-sofa-cleaning
SKIP already on live: fan-cleaning
SKIP already on live: leather-sofa-cleaning-polishing
SKIP already on live: mattress-cleaning
SKIP already on live: mirror-cleaning
SKIP already on live: ottoman
SKIP already on live: recliner-lounge-chair
SKIP already on live: showcase-cabinet
SKIP already on live: sofa-center-table
SKIP already on live: sofa-cum-bed
SKIP already on live: sofa-windows-cobweb-cleaning
SKIP already on live: study-table-chair
SKIP already on live: windows-with-grills-glass-doors-cleaning
SKIP already on live: windows-without-grill-glass-doors-cleaning
SKIP already on live: book-a-consultation
SKIP already on live: bulb-installationreplacement
SKIP already on live: ceiling-light-installation
SKIP already on live: chandelier-installation
SKIP already on live: decorative-fan-installation
SKIP already on live: exhaustpedestaltower-fan-installation
SKIP already on live: fan-regulator-replacement
SKIP already on live: fancy-light-installationreplacement
SKIP already on live: hanging-light-installation
SKIP already on live: home-theatre-installation
SKIP already on live: karban-airzone-installation
SKIP already on live: new-external-wiring-per-5m
SKIP already on live: new-internal-wiring-per-5m
SKIP already on live: new-switchbox-installation
SKIP already on live: plug-replacement
SKIP already on live: regular-ceiling-fan-installation
SKIP already on live: regular-doorbell-installation
SKIP already on live: smartbldc-fan-installation
SKIP already on live: sound-bar-installation
SKIP already on live: stabiliser-installation
SKIP already on live: submeter-installation
SKIP already on live: tv-installation
SKIP already on live: tv-uninstallation
SKIP already on live: video-doorbell-installation
SKIP already on live: wireless-cctv-installation
SKIP already on live: fan-repair
SKIP already on live: mcbfuse-repair
SKIP already on live: mcbfuse-replacement
SKIP already on live: switchsocket-repair-replacement
SKIP already on live: switchboard-repair-replacement
SKIP already on live: tubelight-repair-installation
SKIP already on live: ac-installation
SKIP already on live: ac-repair
SKIP already on live: ac-uninstallation
SKIP already on live: annual-plan-2-timesyear
SKIP already on live: anti-rust-spray-avoid-gas-leak
SKIP already on live: foam-jet-ac-service
SKIP already on live: foam-jet-service-2-acs
SKIP already on live: foam-jet-service-3-acs
SKIP already on live: foam-jet-service-4-acs
SKIP already on live: foam-jet-service-5-acs
SKIP already on live: gas-refill-check-up
SKIP already on live: inverter-check-up
SKIP already on live: inverter-fuse-replacement
SKIP already on live: inverter-installation
SKIP already on live: inverter-servicing
SKIP already on live: inverter-uninstallation
SKIP already on live: geyser-check-up
SKIP already on live: geyser-connection-leakage-repair
SKIP already on live: geyser-installation
SKIP already on live: geyser-uninstallation
SKIP already on live: heating-element-replacement
SKIP already on live: thermostat-repairreplacement
SKIP already on live: tv-check-up
SKIP already on live: led-smart-tv-tv-installation
SKIP already on live: led-smart-tv-tv-uninstallation
SKIP already on live: gas-refill-leak-fix
SKIP already on live: refrigerator-check-up
SKIP already on live: refrigerator-installation
SKIP already on live: thermostat-replacement
SKIP already on live: automatic-front-load-machine-check-up
SKIP already on live: automatic-top-load-machine-check-up
SKIP already on live: semi-automatic-machine-check-up
SKIP already on live: washing-machine-installation-uninstallation
SKIP already on live: washing-machine-jet-service
SKIP already on live: beard-color-with-product
SKIP already on live: beard-trimming-styling
SKIP already on live: clean-shave
SKIP already on live: haircut-for-boys
SKIP already on live: haircut-for-men
SKIP already on live: face-care-beyond
SKIP already on live: garnier-hair-color
SKIP already on live: grooming-essentials
SKIP already on live: hair-care
SKIP already on live: hair-color-only-application
SKIP already on live: haircut-color
SKIP already on live: haircut-massage
SKIP already on live: loreal-matrix-hair-color
SKIP already on live: make-your-own-package
SKIP already on live: back-relief-massage
SKIP already on live: brightening-lemon-deep-cleanse-pedicure
SKIP already on live: brightening-lemon-express-pedicure
SKIP already on live: charcoal-de-toxifying-cleanup
SKIP already on live: chocolate-vanilla-sole-rejuvenating-pedicure
SKIP already on live: deep-tissue-pain-relief-massage
SKIP already on live: deep-tissue-with-headneckshoulder
SKIP already on live: express-manicure
SKIP already on live: face-neck-detan
SKIP already on live: foot-calf-massage
SKIP already on live: foot-massage
SKIP already on live: hands-detan
SKIP already on live: head-massage
SKIP already on live: head-neck-shoulder-massage
SKIP already on live: holistic-de-stress-massage
SKIP already on live: hot-bed
SKIP already on live: hydrating-face-massage-10-mins
SKIP already on live: leg-relief-massage
SKIP already on live: massage-top-up-15-mins
SKIP already on live: nail-cut-file-feet
SKIP already on live: nail-cut-file-hands
SKIP already on live: neck-shoulder-massage
SKIP already on live: office-ready-cleanup
SKIP already on live: oil-free-vacation-cleanup
SKIP already on live: quick-comfort-therapy
SKIP already on live: skin-brightening-facial
SKIP already on live: skin-hydrating-facial
SKIP already on live: sports-recovery-massage
SKIP already on live: stretch-therapy
SKIP already on live: swedish-stress-relief-massage
SKIP already on live: top-to-toe-stress-relief-massage
