Uploading 50 variant icons
Storage prefix: prod
UPDATED: Cat Bath & Brush / Cat Bath & Brush — Long hair -> service/cat-bath-and-brush/2026-07-24-6a636bb333edd.webp
UPDATED: Cat Bath & Brush / Cat Bath & Brush — Short hair -> service/cat-bath-and-brush/2026-07-24-6a636bd039880.webp
ERROR: cat-ear-cleaning/standard Unable to check existence for: prod/service/cat-ear-cleaning
UPDATED: Cat Flea & Tick Bath / Cat Flea & Tick Bath — Long hair -> service/cat-flea-tick-bath/2026-07-24-6a636bffcc0d7.webp
UPDATED: Cat Flea & Tick Bath / Cat Flea & Tick Bath — Short hair -> service/cat-flea-tick-bath/2026-07-24-6a636c19be2de.webp
UPDATED: Cat Full Grooming / Cat Full Grooming — Long hair -> service/full-cat-grooming/2026-07-24-6a636c29dd786.webp
UPDATED: Cat Full Grooming / Cat Full Grooming — Short hair -> service/full-cat-grooming/2026-07-24-6a636c31f165c.webp
UPDATED: Cat Lion Cut / Cat Lion Cut — Standard -> service/cat-lion-cut/2026-07-24-6a636c3e0c938.webp
UPDATED: Cat Mat Removal / Cat Mat Removal — Mild mats -> service/cat-mat-removal/2026-07-24-6a636c40e379b.webp
UPDATED: Cat Mat Removal / Cat Mat Removal — Severe mats -> service/cat-mat-removal/2026-07-24-6a636c49c8ec7.webp
UPDATED: Cat Nail Trim / Cat Nail Trim — Standard -> service/cat-nail-trim/2026-07-24-6a636c4c03576.webp
UPDATED: Cat Spa Package / Cat Spa Package — Long hair -> service/cat-spa-package/2026-07-24-6a636c4e84666.webp
UPDATED: Cat Spa Package / Cat Spa Package — Short hair -> service/cat-spa-package/2026-07-24-6a636c523db00.webp
UPDATED: Cat Teeth Brushing / Cat Teeth Brushing — Standard -> service/cat-teeth-brushing/2026-07-24-6a636c5690fe2.webp
UPDATED: Dog Bath & Brush / Dog Bath & Brush — Extra large (40+ kg) -> service/dog-bath-and-brush/2026-07-24-6a636c58b53e5.webp
UPDATED: Dog Bath & Brush / Dog Bath & Brush — Large (25–40 kg) -> service/dog-bath-and-brush/2026-07-24-6a636c5e13e30.webp
UPDATED: Dog Bath & Brush / Dog Bath & Brush — Medium (10–25 kg) -> service/dog-bath-and-brush/2026-07-24-6a636c623e792.webp
UPDATED: Dog Bath & Brush / Dog Bath & Brush — Small (up to 10 kg) -> service/dog-bath-and-brush/2026-07-24-6a636c6730666.webp
UPDATED: Dog Deshedding Treatment / Dog Deshedding Treatment — Long / double coat -> service/dog-deshedding-treatment/2026-07-24-6a636c70c612c.webp
UPDATED: Dog Deshedding Treatment / Dog Deshedding Treatment — Short coat -> service/dog-deshedding-treatment/2026-07-24-6a636c7b2d4c7.webp
UPDATED: Dog Ear Cleaning / Dog Ear Cleaning — Standard -> service/dog-ear-cleaning/2026-07-24-6a636c7d672e2.webp
UPDATED: Dog Flea & Tick Bath / Dog Flea & Tick Bath — Extra large (40+ kg) -> service/dog-flea-tick-bath/2026-07-24-6a636c7fc888a.webp
UPDATED: Dog Flea & Tick Bath / Dog Flea & Tick Bath — Large (25–40 kg) -> service/dog-flea-tick-bath/2026-07-24-6a636c821b79e.webp
UPDATED: Dog Flea & Tick Bath / Dog Flea & Tick Bath — Medium (10–25 kg) -> service/dog-flea-tick-bath/2026-07-24-6a636c844648e.webp
UPDATED: Dog Flea & Tick Bath / Dog Flea & Tick Bath — Small (up to 10 kg) -> service/dog-flea-tick-bath/2026-07-24-6a636c868fec2.webp
UPDATED: Dog Full Grooming / Dog Full Grooming — Extra large (40+ kg) -> service/full-dog-grooming/2026-07-24-6a636c8f35991.webp
UPDATED: Dog Full Grooming / Dog Full Grooming — Large (25–40 kg) -> service/full-dog-grooming/2026-07-24-6a636c9170e41.webp
UPDATED: Dog Full Grooming / Dog Full Grooming — Medium (10–25 kg) -> service/full-dog-grooming/2026-07-24-6a636c951289d.webp
UPDATED: Dog Full Grooming / Dog Full Grooming — Small (up to 10 kg) -> service/full-dog-grooming/2026-07-24-6a636c973e3f2.webp
UPDATED: Dog Haircut & Trim / Dog Haircut & Trim — Extra large (40+ kg) -> service/dog-haircut-and-trim/2026-07-24-6a636c99ad0e6.webp
UPDATED: Dog Haircut & Trim / Dog Haircut & Trim — Large (25–40 kg) -> service/dog-haircut-and-trim/2026-07-24-6a636c9c532fa.webp
UPDATED: Dog Haircut & Trim / Dog Haircut & Trim — Medium (10–25 kg) -> service/dog-haircut-and-trim/2026-07-24-6a636c9e929c1.webp
UPDATED: Dog Haircut & Trim / Dog Haircut & Trim — Small (up to 10 kg) -> service/dog-haircut-and-trim/2026-07-24-6a636ca163fbf.webp
UPDATED: Dog Mat Removal / Dog Mat Removal — Mild mats -> service/dog-mat-removal/2026-07-24-6a636ca4c205c.webp
UPDATED: Dog Mat Removal / Dog Mat Removal — Severe mats -> service/dog-mat-removal/2026-07-24-6a636ca782a1e.webp
UPDATED: Dog Nail Clipping / Dog Nail Clipping — Standard -> service/dog-nail-clipping/2026-07-24-6a636ca9e9af8.webp
UPDATED: Dog Paw Pad Trim / Dog Paw Pad Trim — Standard -> service/dog-paw-pad-trim/2026-07-24-6a636cae25991.webp
UPDATED: Dog Spa Package / Dog Spa Package — Extra large (40+ kg) -> service/dog-spa-package/2026-07-24-6a636cb25f952.webp
UPDATED: Dog Spa Package / Dog Spa Package — Large (25–40 kg) -> service/dog-spa-package/2026-07-24-6a636cb492a1f.webp
UPDATED: Dog Spa Package / Dog Spa Package — Medium (10–25 kg) -> service/dog-spa-package/2026-07-24-6a636cb89bb69.webp
UPDATED: Dog Spa Package / Dog Spa Package — Small (up to 10 kg) -> service/dog-spa-package/2026-07-24-6a636cbac6e98.webp
UPDATED: Dog Teeth Brushing / Dog Teeth Brushing — Standard -> service/dog-teeth-brushing/2026-07-24-6a636cbd2c8f4.webp
UPDATED: Kitten First Groom / Kitten First Groom — Kitten (under 6 months) -> service/kitten-first-groom/2026-07-24-6a636cbf6edf3.webp
UPDATED: Puppy First Groom / Puppy First Groom — Puppy (under 6 months) -> service/puppy-first-groom/2026-07-24-6a636cc18681e.webp
UPDATED: Senior Cat Gentle Groom / Senior Cat Gentle Groom — Long hair -> service/senior-cat-gentle-groom/2026-07-24-6a636cc5360ed.webp
UPDATED: Senior Cat Gentle Groom / Senior Cat Gentle Groom — Short hair -> service/senior-cat-gentle-groom/2026-07-24-6a636cc74de73.webp
UPDATED: Senior Dog Gentle Groom / Senior Dog Gentle Groom — Extra large (40+ kg) -> service/senior-dog-gentle-groom/2026-07-24-6a636cc98bc82.webp
UPDATED: Senior Dog Gentle Groom / Senior Dog Gentle Groom — Large (25–40 kg) -> service/senior-dog-gentle-groom/2026-07-24-6a636ccbc735c.webp
UPDATED: Senior Dog Gentle Groom / Senior Dog Gentle Groom — Medium (10–25 kg) -> service/senior-dog-gentle-groom/2026-07-24-6a636ccf2d0c9.webp
UPDATED: Senior Dog Gentle Groom / Senior Dog Gentle Groom — Small (up to 10 kg) -> service/senior-dog-gentle-groom/2026-07-24-6a636cd4b5d2b.webp

Done. Updated: 49, Skipped: 0, Errors: 1
