Uploading 60 variant icons
Storage prefix: prod
UPDATED: Dog Ear Cleaning / Dog Ear Cleaning — Standard -> service/dog-ear-cleaning/2026-07-24-6a634bd9900a1.webp
UPDATED: Dog Teeth Brushing / Dog Teeth Brushing — Standard -> service/dog-teeth-brushing/2026-07-24-6a634bdc73c5d.webp
UPDATED: Dog Deshedding Treatment / Dog Deshedding Treatment — Short coat -> service/dog-deshedding-treatment/2026-07-24-6a634bdf1a631.webp
UPDATED: Dog Deshedding Treatment / Dog Deshedding Treatment — Long / double coat -> service/dog-deshedding-treatment/2026-07-24-6a634be1a7baf.webp
UPDATED: Dog Flea & Tick Bath / Dog Flea & Tick Bath — Small (up to 10 kg) -> service/dog-flea-tick-bath/2026-07-24-6a634be55231b.webp
UPDATED: Dog Flea & Tick Bath / Dog Flea & Tick Bath — Medium (10–25 kg) -> service/dog-flea-tick-bath/2026-07-24-6a634be809c1e.webp
UPDATED: Dog Flea & Tick Bath / Dog Flea & Tick Bath — Large (25–40 kg) -> service/dog-flea-tick-bath/2026-07-24-6a634beac9b68.webp
UPDATED: Dog Flea & Tick Bath / Dog Flea & Tick Bath — Extra large (40+ kg) -> service/dog-flea-tick-bath/2026-07-24-6a634bed4e00d.webp
UPDATED: Dog Paw Pad Trim / Dog Paw Pad Trim — Standard -> service/dog-paw-pad-trim/2026-07-24-6a634befcf5d0.webp
UPDATED: Puppy First Groom / Puppy First Groom — Puppy (under 6 months) -> service/puppy-first-groom/2026-07-24-6a634bf26c181.webp
UPDATED: Senior Dog Gentle Groom / Senior Dog Gentle Groom — Small (up to 10 kg) -> service/senior-dog-gentle-groom/2026-07-24-6a634bf50f7bf.webp
UPDATED: Senior Dog Gentle Groom / Senior Dog Gentle Groom — Medium (10–25 kg) -> service/senior-dog-gentle-groom/2026-07-24-6a634bf7b4b4f.webp
UPDATED: Senior Dog Gentle Groom / Senior Dog Gentle Groom — Large (25–40 kg) -> service/senior-dog-gentle-groom/2026-07-24-6a634bfa5712f.webp
UPDATED: Senior Dog Gentle Groom / Senior Dog Gentle Groom — Extra large (40+ kg) -> service/senior-dog-gentle-groom/2026-07-24-6a634bfcf12a3.webp
UPDATED: Dog Spa Package / Dog Spa Package — Small (up to 10 kg) -> service/dog-spa-package/2026-07-24-6a634bff91d02.webp
UPDATED: Dog Spa Package / Dog Spa Package — Medium (10–25 kg) -> service/dog-spa-package/2026-07-24-6a634c02351e6.webp
UPDATED: Dog Spa Package / Dog Spa Package — Large (25–40 kg) -> service/dog-spa-package/2026-07-24-6a634c04a9bf4.webp
UPDATED: Dog Spa Package / Dog Spa Package — Extra large (40+ kg) -> service/dog-spa-package/2026-07-24-6a634c076ba21.webp
UPDATED: Dog Mat Removal / Dog Mat Removal — Mild mats -> service/dog-mat-removal/2026-07-24-6a634c0a242e9.webp
UPDATED: Dog Mat Removal / Dog Mat Removal — Severe mats -> service/dog-mat-removal/2026-07-24-6a634c0caa2f9.webp
UPDATED: Cat Full Grooming / Cat Full Grooming — Short hair -> service/full-cat-grooming/2026-07-24-6a634c0f50a6d.webp
UPDATED: Cat Full Grooming / Cat Full Grooming — Long hair -> service/full-cat-grooming/2026-07-24-6a634c1227793.webp
UPDATED: Cat Bath & Brush / Cat Bath & Brush — Short hair -> service/cat-bath-and-brush/2026-07-24-6a634c151476a.webp
UPDATED: Cat Bath & Brush / Cat Bath & Brush — Long hair -> service/cat-bath-and-brush/2026-07-24-6a634c17ac970.webp
UPDATED: Cat Mat Removal / Cat Mat Removal — Mild mats -> service/cat-mat-removal/2026-07-24-6a634c1b1413e.webp
UPDATED: Cat Mat Removal / Cat Mat Removal — Severe mats -> service/cat-mat-removal/2026-07-24-6a634c1db7b88.webp
UPDATED: Cat Lion Cut / Cat Lion Cut — Standard -> service/cat-lion-cut/2026-07-24-6a634c204d0e3.webp
UPDATED: Cat Nail Trim / Cat Nail Trim — Standard -> service/cat-nail-trim/2026-07-24-6a634c2315135.webp
UPDATED: Cat Ear Cleaning / Cat Ear Cleaning — Standard -> service/cat-ear-cleaning/2026-07-24-6a634c25ca249.webp
UPDATED: Kitten First Groom / Kitten First Groom — Kitten (under 6 months) -> service/kitten-first-groom/2026-07-24-6a634c28a1f15.webp
UPDATED: Senior Cat Gentle Groom / Senior Cat Gentle Groom — Short hair -> service/senior-cat-gentle-groom/2026-07-24-6a634c2b44b44.webp
UPDATED: Senior Cat Gentle Groom / Senior Cat Gentle Groom — Long hair -> service/senior-cat-gentle-groom/2026-07-24-6a634c2de8b58.webp
UPDATED: Cat Flea & Tick Bath / Cat Flea & Tick Bath — Short hair -> service/cat-flea-tick-bath/2026-07-24-6a634c304ebe3.webp
UPDATED: Cat Flea & Tick Bath / Cat Flea & Tick Bath — Long hair -> service/cat-flea-tick-bath/2026-07-24-6a634c3325fcc.webp
UPDATED: Cat Spa Package / Cat Spa Package — Short hair -> service/cat-spa-package/2026-07-24-6a634c3593e0c.webp
UPDATED: Cat Spa Package / Cat Spa Package — Long hair -> service/cat-spa-package/2026-07-24-6a634c3a0b4cc.webp
UPDATED: Cat Teeth Brushing / Cat Teeth Brushing — Standard -> service/cat-teeth-brushing/2026-07-24-6a634c3cb8120.webp
UPDATED: Exterior Car Wash / Exterior Car Wash — Hatchback -> service/exterior-car-wash/2026-07-24-6a634c3f5ec5b.webp
UPDATED: Exterior Car Wash / Exterior Car Wash — Sedan -> service/exterior-car-wash/2026-07-24-6a634c41ed220.webp
UPDATED: Exterior Car Wash / Exterior Car Wash — SUV -> service/exterior-car-wash/2026-07-24-6a634c449f4ff.webp
UPDATED: Interior Car Cleaning / Interior Car Cleaning — Hatchback -> service/interior-car-cleaning/2026-07-24-6a634c47140b1.webp
UPDATED: Interior Car Cleaning / Interior Car Cleaning — Sedan -> service/interior-car-cleaning/2026-07-24-6a634c4abf74d.webp
UPDATED: Interior Car Cleaning / Interior Car Cleaning — SUV -> service/interior-car-cleaning/2026-07-24-6a634c4e0b854.webp
UPDATED: Full Car Detailing / Full Car Detailing — Hatchback -> service/full-car-detailing/2026-07-24-6a634c51f10d6.webp
UPDATED: Full Car Detailing / Full Car Detailing — Sedan -> service/full-car-detailing/2026-07-24-6a634c5489248.webp
UPDATED: Full Car Detailing / Full Car Detailing — SUV -> service/full-car-detailing/2026-07-24-6a634c571c32b.webp
UPDATED: General Car Inspection / Book On Site Inspection -> service/general-car-inspection/2026-07-24-6a634c5d98629.webp
UPDATED: Periodic Car Service / Periodic Car Service — Hatchback -> service/periodic-car-service/2026-07-24-6a634c61cf063.webp
UPDATED: Periodic Car Service / Periodic Car Service — Sedan -> service/periodic-car-service/2026-07-24-6a634c663251e.webp
UPDATED: Periodic Car Service / Periodic Car Service — SUV -> service/periodic-car-service/2026-07-24-6a634c6ac723b.webp
UPDATED: Car Battery Replacement / Book On Site Inspection -> service/car-battery-replacement/2026-07-24-6a634c6fb6f7d.webp
UPDATED: Car AC Service & Gas Refill / Book On Site Inspection -> service/car-ac-service-gas-refill/2026-07-24-6a634c748858f.webp
UPDATED: Car Tyre Puncture Repair / Book On Site Inspection -> service/car-tyre-puncture-repair/2026-07-24-6a634c7956f0c.webp
UPDATED: Bike General Service / Bike General Service — 100–150cc -> service/bike-general-service/2026-07-24-6a634c7e11774.webp
UPDATED: Bike General Service / Bike General Service — 150cc+ -> service/bike-general-service/2026-07-24-6a634c82bdebe.webp
UPDATED: Scooter Periodic Service / Book On Site Inspection -> service/scooter-periodic-service/2026-07-24-6a634c877f910.webp
UPDATED: Bike & Scooter Wash / Bike & Scooter Wash — Bike -> service/bike-scooter-wash/2026-07-24-6a634c8c0e693.webp
UPDATED: Bike & Scooter Wash / Bike & Scooter Wash — Scooter -> service/bike-scooter-wash/2026-07-24-6a634c915a5ac.webp
UPDATED: Two-Wheeler Tyre Puncture Repair / Book On Site Inspection -> service/two-wheeler-tyre-puncture-repair/2026-07-24-6a634c95d6b1c.webp
UPDATED: Two-Wheeler Battery Replacement / Book On Site Inspection -> service/two-wheeler-battery-replacement/2026-07-24-6a634c9a62631.webp

Done. Updated: 60, Skipped: 0, Errors: 0
