Uploading 33 variant icons
Storage prefix: prod
UPDATED: Book Carpenter / Book Carpenter — Book for 1 hour -> service/book-a-carpenter/2026-07-24-6a635167b20d4.webp
UPDATED: Book Carpenter / Book Carpenter — Book for half day (4 hours) -> service/book-a-carpenter/2026-07-24-6a63516a688fd.webp
UPDATED: Book Carpenter / Book Carpenter — Book for full day (8 hours) -> service/book-a-carpenter/2026-07-24-6a63516d7339b.webp
UPDATED: Book Electrician / Book Electrician — Book for 1 hour -> service/book-an-electrician/2026-07-24-6a63517059f52.webp
UPDATED: Book Electrician / Book Electrician — Book for half day (4 hours) -> service/book-an-electrician/2026-07-24-6a6351730ffe0.webp
UPDATED: Book Electrician / Book Electrician — Book for full day (8 hours) -> service/book-an-electrician/2026-07-24-6a63517588100.webp
UPDATED: Book Plumber / Book Plumber — Book for 1 hour -> service/book-a-plumber/2026-07-24-6a6351784a5e9.webp
UPDATED: Book Plumber / Book Plumber — Book for half day (4 hours) -> service/book-a-plumber/2026-07-24-6a63517aca7e0.webp
UPDATED: Book Plumber / Book Plumber — Book for full day (8 hours) -> service/book-a-plumber/2026-07-24-6a63517d875c2.webp
UPDATED: Book Painter / Book Painter — Book for 1 hour -> service/book-a-painter/2026-07-24-6a63518032fec.webp
UPDATED: Book Painter / Book Painter — Book for half day (4 hours) -> service/book-a-painter/2026-07-24-6a635182e44f6.webp
UPDATED: Book Painter / Book Painter — Book for full day (8 hours) -> service/book-a-painter/2026-07-24-6a635185e2b8c.webp
UPDATED: Book Mason / Book Mason — Book for 1 hour -> service/book-a-mason/2026-07-24-6a635188b8287.webp
UPDATED: Book Mason / Book Mason — Book for half day (4 hours) -> service/book-a-mason/2026-07-24-6a63518b5eb13.webp
UPDATED: Book Mason / Book Mason — Book for full day (8 hours) -> service/book-a-mason/2026-07-24-6a63518e5457b.webp
UPDATED: Book Labour / Book Labour — Book for 1 hour -> service/book-labour/2026-07-24-6a63519122d07.webp
UPDATED: Book Labour / Book Labour — Book for half day (4 hours) -> service/book-labour/2026-07-24-6a635193b8375.webp
UPDATED: Book Labour / Book Labour — Book for full day (8 hours) -> service/book-labour/2026-07-24-6a63519768478.webp
UPDATED: Book Welder / Fabricator / Book Welder / Fabricator — Book for 1 hour -> service/book-a-welder/2026-07-24-6a63519a101b0.webp
UPDATED: Book Welder / Fabricator / Book Welder / Fabricator — Book for half day (4 hours) -> service/book-a-welder/2026-07-24-6a63519cdead1.webp
UPDATED: Book Welder / Fabricator / Book Welder / Fabricator — Book for full day (8 hours) -> service/book-a-welder/2026-07-24-6a63519f712bc.webp
UPDATED: Book Gardener / Book Gardener — Book for 1 hour -> service/book-a-gardener/2026-07-24-6a6351a230588.webp
UPDATED: Book Gardener / Book Gardener — Book for half day (4 hours) -> service/book-a-gardener/2026-07-24-6a6351a93b5c4.webp
UPDATED: Book Gardener / Book Gardener — Book for full day (8 hours) -> service/book-a-gardener/2026-07-24-6a6351aca5499.webp
UPDATED: Book Cleaner / Book Cleaner — Book for 1 hour -> service/book-a-cleaner/2026-07-24-6a6351b057f5d.webp
UPDATED: Book Cleaner / Book Cleaner — Book for half day (4 hours) -> service/book-a-cleaner/2026-07-24-6a6351b3c4f8f.webp
UPDATED: Book Cleaner / Book Cleaner — Book for full day (8 hours) -> service/book-a-cleaner/2026-07-24-6a6351b76a7b9.webp
UPDATED: Book Makeup Artist / Book Makeup Artist — Book for 1 hour -> service/book-makeup-artist/2026-07-24-6a6351bb56761.webp
UPDATED: Book Makeup Artist / Book Makeup Artist — Book for half day (4 hours) -> service/book-makeup-artist/2026-07-24-6a6351bf44388.webp
UPDATED: Book Makeup Artist / Book Makeup Artist — Book for full day (8 hours) -> service/book-makeup-artist/2026-07-24-6a6351c2e88d6.webp
UPDATED: Book Mehndi Artist / Book Mehndi Artist — Book for 1 hour -> service/book-mehndi-artist/2026-07-24-6a6351c6a8d20.webp
UPDATED: Book Mehndi Artist / Book Mehndi Artist — Book for half day (4 hours) -> service/book-mehndi-artist/2026-07-24-6a6351ca5901f.webp
UPDATED: Book Mehndi Artist / Book Mehndi Artist — Book for full day (8 hours) -> service/book-mehndi-artist/2026-07-24-6a6351ce69738.webp

Done. Updated: 33, Skipped: 0, Errors: 0
