Uploading 449 variant icons
Storage prefix: prod
UPDATED: Shoe Cleaning / Sports Shoes -> service/shoe-cleaning/2026-07-24-6a63434a19507.webp
UPDATED: Shoe Cleaning / Boots -> service/shoe-cleaning/2026-07-24-6a63434cdbba7.webp
UPDATED: Bag Cleaning / School Bag -> service/bag-cleaning/2026-07-24-6a63434f8c22e.webp
UPDATED: Bag Cleaning / Backpack -> service/bag-cleaning/2026-07-24-6a634352619dd.webp
UPDATED: Bag Cleaning / Handbag -> service/bag-cleaning/2026-07-24-6a634355ab46e.webp
UPDATED: Bag Cleaning / Laptop Bag -> service/bag-cleaning/2026-07-24-6a634358e7b6e.webp
UPDATED: Garment Dry Cleaning / Shirt -> service/garment-dry-cleaning/2026-07-24-6a63435be9fc7.webp
UPDATED: Garment Dry Cleaning / T-Shirt -> service/garment-dry-cleaning/2026-07-24-6a63435fc9300.webp
UPDATED: Garment Dry Cleaning / Trouser / Jeans -> service/garment-dry-cleaning/2026-07-24-6a6343629ed27.webp
UPDATED: Garment Dry Cleaning / Kurta / Kurti -> service/garment-dry-cleaning/2026-07-24-6a63436557ff6.webp
UPDATED: Garment Dry Cleaning / Salwar Suit -> service/garment-dry-cleaning/2026-07-24-6a634368606bd.webp
UPDATED: Garment Dry Cleaning / Saree -> service/garment-dry-cleaning/2026-07-24-6a63436b0c03e.webp
UPDATED: Garment Dry Cleaning / Suit (2 Piece) -> service/garment-dry-cleaning/2026-07-24-6a63436e2c3b2.webp
UPDATED: Garment Dry Cleaning / Suit (3 Piece) -> service/garment-dry-cleaning/2026-07-24-6a6343715b520.webp
UPDATED: Garment Dry Cleaning / Blazer -> service/garment-dry-cleaning/2026-07-24-6a6343740f055.webp
UPDATED: Garment Dry Cleaning / Jacket -> service/garment-dry-cleaning/2026-07-24-6a634377bb4cb.webp
UPDATED: Garment Dry Cleaning / Coat -> service/garment-dry-cleaning/2026-07-24-6a63437a7b514.webp
UPDATED: Garment Dry Cleaning / Sweater -> service/garment-dry-cleaning/2026-07-24-6a63437d27fa2.webp
UPDATED: Garment Dry Cleaning / Lehenga -> service/garment-dry-cleaning/2026-07-24-6a63437fcc529.webp
UPDATED: Garment Dry Cleaning / Sherwani -> service/garment-dry-cleaning/2026-07-24-6a6343828c2b5.webp
UPDATED: Home Linen Dry Cleaning / Curtain -> service/home-linen-dry-cleaning/2026-07-24-6a63438538e51.webp
UPDATED: Home Linen Dry Cleaning / Blanket -> service/home-linen-dry-cleaning/2026-07-24-6a634387eb6ec.webp
UPDATED: Home Linen Dry Cleaning / Comforter / Quilt -> service/home-linen-dry-cleaning/2026-07-24-6a63438a736bd.webp
UPDATED: Masonry Brick Install / Book Inspection -> service/masonry-brick-install/2026-07-24-6a63438cd0f97.webp
UPDATED: Masonry Plaster Install / Book Inspection -> service/masonry-plaster-install/2026-07-24-6a63438f4af13.webp
UPDATED: Masonry Tile Install / Book Inspection -> service/masonry-tile-install/2026-07-24-6a6343921ab36.webp
UPDATED: Masonry Marble Install / Book Inspection -> service/masonry-marble-install/2026-07-24-6a634394b124d.webp
UPDATED: Masonry Stone Install / Book Inspection -> service/masonry-stone-install/2026-07-24-6a63439753584.webp
UPDATED: Masonry Stair Install / Book Inspection -> service/masonry-stair-install/2026-07-24-6a63439a40417.webp
UPDATED: Masonry Waterproof Install / Book Inspection -> service/masonry-waterproof-install/2026-07-24-6a63439cc7fbc.webp
UPDATED: Masonry Boundary Install / Book Inspection -> service/masonry-boundary-install/2026-07-24-6a63439f74e6e.webp
UPDATED: Masonry Full Bathroom Setup / Book Inspection -> service/masonry-full-bathroom-setup/2026-07-24-6a6343a22bbc0.webp
UPDATED: Masonry Crack Repair / Book Inspection -> service/masonry-crack-repair/2026-07-24-6a6343a550393.webp
UPDATED: Masonry Plaster Repair / Book Inspection -> service/masonry-plaster-repair/2026-07-24-6a6343a81cc8a.webp
UPDATED: Masonry Tile Repair / Book Inspection -> service/masonry-tile-repair/2026-07-24-6a6343aab9d10.webp
UPDATED: Masonry Marble Repair / Book Inspection -> service/masonry-marble-repair/2026-07-24-6a6343ad93a03.webp
UPDATED: Masonry Stair Repair / Book Inspection -> service/masonry-stair-repair/2026-07-24-6a6343b0309dc.webp
UPDATED: Masonry Damp Repair / Book Inspection -> service/masonry-damp-repair/2026-07-24-6a6343b2f0558.webp
UPDATED: Masonry Boundary Repair / Book Inspection -> service/masonry-boundary-repair/2026-07-24-6a6343b541e52.webp
UPDATED: Masonry Site Check / Crack Check -> service/masonry-site-check/2026-07-24-6a6343b83af32.webp
UPDATED: Masonry Site Check / Damp Check -> service/masonry-site-check/2026-07-24-6a6343bb33ec8.webp
UPDATED: Masonry Site Check / Unknown Problem -> service/masonry-site-check/2026-07-24-6a6343bdab0b4.webp
UPDATED: Masonry Safety Check / Full Home Masonry Check -> service/masonry-safety-check/2026-07-24-6a6343c06b3c3.webp
UPDATED: Masonry Pre-Work Check / Before Renovation Check -> service/masonry-pre-work-check/2026-07-24-6a6343c2d2d99.webp
UPDATED: Plumbing Tap Install / Regular Tap -> service/plumbing-tap-install/2026-07-24-6a6343c5766bd.webp
UPDATED: Plumbing Tap Install / Mixer Tap -> service/plumbing-tap-install/2026-07-24-6a6343c84d18c.webp
UPDATED: Plumbing Tap Install / Swan Neck Tap -> service/plumbing-tap-install/2026-07-24-6a6343cab1e41.webp
UPDATED: Plumbing Tap Install / Pillar Cock -> service/plumbing-tap-install/2026-07-24-6a6343cd594b6.webp
UPDATED: Plumbing Tap Install / Angle Valve -> service/plumbing-tap-install/2026-07-24-6a6343d103272.webp
UPDATED: Plumbing Shower Install / Shower Head -> service/plumbing-shower-install/2026-07-24-6a6343d383fa1.webp
UPDATED: Plumbing Shower Install / Hand Shower / Jet Spray -> service/plumbing-shower-install/2026-07-24-6a6343d61cb93.webp
UPDATED: Plumbing Shower Install / Shower Mixer -> service/plumbing-shower-install/2026-07-24-6a6343d96399f.webp
UPDATED: Plumbing Basin Install / Wash Basin -> service/plumbing-basin-install/2026-07-24-6a6343dc88579.webp
UPDATED: Plumbing Basin Install / Pedestal Basin -> service/plumbing-basin-install/2026-07-24-6a6343df291e8.webp
UPDATED: Plumbing Basin Install / Bottle Trap -> service/plumbing-basin-install/2026-07-24-6a6343e1c75cd.webp
UPDATED: Plumbing Toilet Install / Indian Toilet -> service/plumbing-toilet-install/2026-07-24-6a6343e4a02f1.webp
UPDATED: Plumbing Toilet Install / Western Toilet (Floor) -> service/plumbing-toilet-install/2026-07-24-6a6343e70acab.webp
UPDATED: Plumbing Toilet Install / Western Toilet (Wall) -> service/plumbing-toilet-install/2026-07-24-6a6343e9a8ff2.webp
UPDATED: Plumbing Toilet Install / Flush Tank (External) -> service/plumbing-toilet-install/2026-07-24-6a6343ecad033.webp
UPDATED: Plumbing Toilet Install / Flush Tank (Concealed) -> service/plumbing-toilet-install/2026-07-24-6a6343ef48265.webp
UPDATED: Plumbing Sink Install / Kitchen Sink -> service/plumbing-sink-install/2026-07-24-6a6343f25429d.webp
UPDATED: Plumbing Sink Install / Connection Hose -> service/plumbing-sink-install/2026-07-24-6a6343f4db2ab.webp
UPDATED: Plumbing Pipe Install / PVC / CPVC Pipe -> service/plumbing-pipe-install/2026-07-24-6a6343f766d2d.webp
UPDATED: Plumbing Pipe Install / GI / Metal Pipe -> service/plumbing-pipe-install/2026-07-24-6a6343fb74ed4.webp
UPDATED: Plumbing Pipe Install / Concealed Pipe -> service/plumbing-pipe-install/2026-07-24-6a6343fe18dc3.webp
UPDATED: Plumbing Pipe Install / External Pipe -> service/plumbing-pipe-install/2026-07-24-6a6344008d24c.webp
UPDATED: Plumbing Drain Install / Floor Drain / Nahani Trap -> service/plumbing-drain-install/2026-07-24-6a6344032d9a6.webp
UPDATED: Plumbing Drain Install / Drain Cover -> service/plumbing-drain-install/2026-07-24-6a634405eb961.webp
UPDATED: Plumbing Drain Install / Waste Pipe -> service/plumbing-drain-install/2026-07-24-6a634408d77f7.webp
UPDATED: Plumbing Motor Install / Water Motor / Pump -> service/plumbing-motor-install/2026-07-24-6a63440bb8df1.webp
UPDATED: Plumbing Motor Install / Motor with Piping -> service/plumbing-motor-install/2026-07-24-6a63440f730df.webp
UPDATED: Plumbing Tank Install / Overhead Tank Connection -> service/plumbing-tank-install/2026-07-24-6a63441298dc1.webp
UPDATED: Plumbing Tank Install / Float Valve / Ball Cock -> service/plumbing-tank-install/2026-07-24-6a634415ab1c3.webp
UPDATED: Plumbing Tank Install / Tank Cover Fit -> service/plumbing-tank-install/2026-07-24-6a6344185f58e.webp
UPDATED: Plumbing Geyser Connection / Hot / Cold Water Connection -> service/plumbing-geyser-connection/2026-07-24-6a63441aec414.webp
UPDATED: Plumbing Accessory Install / Shut-off Valve -> service/plumbing-accessory-install/2026-07-24-6a63441d87a6f.webp
UPDATED: Plumbing Accessory Install / Non-Return Valve -> service/plumbing-accessory-install/2026-07-24-6a63441fe48d6.webp
UPDATED: Plumbing Accessory Install / Pressure Pump Connection -> service/plumbing-accessory-install/2026-07-24-6a634422a1d7f.webp
UPDATED: Plumbing Full Bathroom Plumbing / Book Inspection -> service/plumbing-full-bathroom-plumbing/2026-07-24-6a63442569969.webp
UPDATED: Plumbing Full Bathroom Plumbing / Renovation / New Setup -> service/plumbing-full-bathroom-plumbing/2026-07-24-6a6344280c003.webp
UPDATED: Plumbing Full Kitchen Plumbing / Book Inspection -> service/plumbing-full-kitchen-plumbing/2026-07-24-6a63442aa4632.webp
UPDATED: Plumbing Full Kitchen Plumbing / Renovation / New Setup -> service/plumbing-full-kitchen-plumbing/2026-07-24-6a63442d4e35a.webp
UPDATED: Plumbing Full House Plumbing / Book Inspection -> service/plumbing-full-house-plumbing/2026-07-24-6a63442fbcd76.webp
UPDATED: Plumbing Tap Repair / Regular Tap -> service/plumbing-tap-repair/2026-07-24-6a634432361cc.webp
UPDATED: Plumbing Tap Repair / Mixer Tap -> service/plumbing-tap-repair/2026-07-24-6a634434d32b6.webp
UPDATED: Plumbing Tap Repair / Shower Mixer -> service/plumbing-tap-repair/2026-07-24-6a634437be18c.webp
UPDATED: Plumbing Tap Repair / Leaking / Dripping -> service/plumbing-tap-repair/2026-07-24-6a63443a635ef.webp
UPDATED: Plumbing Shower Repair / Shower Head / Arm -> service/plumbing-shower-repair/2026-07-24-6a63443d5062a.webp
UPDATED: Plumbing Shower Repair / Jet Spray / Bidet -> service/plumbing-shower-repair/2026-07-24-6a63443fa97a4.webp
UPDATED: Plumbing Basin Repair / Leakage (Bottle Trap) -> service/plumbing-basin-repair/2026-07-24-6a6344421ba22.webp
UPDATED: Plumbing Basin Repair / Leakage (Waste Pipe) -> service/plumbing-basin-repair/2026-07-24-6a6344449759a.webp
UPDATED: Plumbing Basin Repair / Blockage -> service/plumbing-basin-repair/2026-07-24-6a6344473dabb.webp
UPDATED: Plumbing Toilet Repair / Flush Tank (External PVC) -> service/plumbing-toilet-repair/2026-07-24-6a634449d7732.webp
UPDATED: Plumbing Toilet Repair / Flush Tank (External Ceramic) -> service/plumbing-toilet-repair/2026-07-24-6a63444cb618b.webp
UPDATED: Plumbing Toilet Repair / Flush Tank (Concealed) -> service/plumbing-toilet-repair/2026-07-24-6a63444f3b559.webp
UPDATED: Plumbing Toilet Repair / Running Flush / Weak Flush -> service/plumbing-toilet-repair/2026-07-24-6a634453146a0.webp
UPDATED: Plumbing Toilet Repair / Seat / Cisterna Fix -> service/plumbing-toilet-repair/2026-07-24-6a6344557da81.webp
UPDATED: Plumbing Drain Repair / Kitchen Sink Blockage -> service/plumbing-drain-repair/2026-07-24-6a63445825c4a.webp
UPDATED: Plumbing Drain Repair / Wash Basin Blockage -> service/plumbing-drain-repair/2026-07-24-6a63445be76ae.webp
UPDATED: Plumbing Drain Repair / Bathroom / Floor Drain -> service/plumbing-drain-repair/2026-07-24-6a63445e5fd8c.webp
UPDATED: Plumbing Drain Repair / Toilet Pot Blockage -> service/plumbing-drain-repair/2026-07-24-6a63446112d2c.webp
UPDATED: Plumbing Drain Repair / Bad Smell / Trap Issue -> service/plumbing-drain-repair/2026-07-24-6a634464a8726.webp
UPDATED: Plumbing Pipe Repair / Leak / Joint Fix -> service/plumbing-pipe-repair/2026-07-24-6a634467500ca.webp
UPDATED: Plumbing Pipe Repair / Burst / Damaged Pipe -> service/plumbing-pipe-repair/2026-07-24-6a634469d10ec.webp
UPDATED: Plumbing Pipe Repair / Concealed Pipe Leak -> service/plumbing-pipe-repair/2026-07-24-6a63446cb2302.webp
UPDATED: Plumbing Pipe Repair / External Pipe Leak -> service/plumbing-pipe-repair/2026-07-24-6a63446f607e2.webp
UPDATED: Plumbing Leak Repair / Visible Leak -> service/plumbing-leak-repair/2026-07-24-6a634472106fc.webp
UPDATED: Plumbing Leak Repair / Hidden / Wall Seepage -> service/plumbing-leak-repair/2026-07-24-6a634474ee020.webp
UPDATED: Plumbing Leak Repair / Shut-off Valve Leak -> service/plumbing-leak-repair/2026-07-24-6a6344777f201.webp
UPDATED: Plumbing Pressure Repair / Low Water Pressure -> service/plumbing-pressure-repair/2026-07-24-6a63447a5722c.webp
UPDATED: Plumbing Pressure Repair / No Water / Airlock -> service/plumbing-pressure-repair/2026-07-24-6a63447cef311.webp
UPDATED: Plumbing Motor Repair / Not Starting -> service/plumbing-motor-repair/2026-07-24-6a63447f6c673.webp
UPDATED: Plumbing Motor Repair / Low Pressure / Weak Flow -> service/plumbing-motor-repair/2026-07-24-6a6344834783f.webp
UPDATED: Plumbing Motor Repair / Noise / Overheating -> service/plumbing-motor-repair/2026-07-24-6a634485bcafb.webp
UPDATED: Plumbing Motor Repair / Air Cavity Removal -> service/plumbing-motor-repair/2026-07-24-6a63448867c62.webp
UPDATED: Plumbing Tank Repair / Overflow / Float Valve -> service/plumbing-tank-repair/2026-07-24-6a63448b2b2d0.webp
UPDATED: Plumbing Tank Repair / Connection Leakage -> service/plumbing-tank-repair/2026-07-24-6a63448db9077.webp
UPDATED: Plumbing Tank Repair / Cover Change -> service/plumbing-tank-repair/2026-07-24-6a634490347df.webp
UPDATED: Plumbing Geyser Connection Repair / Inlet / Outlet Leak -> service/plumbing-geyser-connection-repair/2026-07-24-6a634492a7154.webp
UPDATED: Plumbing Site Check / Leak Check -> service/plumbing-site-check/2026-07-24-6a6344972f37b.webp
UPDATED: Plumbing Site Check / Blockage Check -> service/plumbing-site-check/2026-07-24-6a634499c9486.webp
UPDATED: Plumbing Site Check / Unknown Problem -> service/plumbing-site-check/2026-07-24-6a63449c40a53.webp
UPDATED: Plumbing Safety Check / Full Home Plumbing Check -> service/plumbing-safety-check/2026-07-24-6a63449edb6cb.webp
UPDATED: Plumbing Safety Check / Pipe / Joint Check -> service/plumbing-safety-check/2026-07-24-6a6344a646ad3.webp
UPDATED: Plumbing Safety Check / Motor / Tank Check -> service/plumbing-safety-check/2026-07-24-6a6344aa60061.webp
UPDATED: Plumbing Safety Check / Drain Smell / Backflow Check -> service/plumbing-safety-check/2026-07-24-6a6344af4c996.webp
UPDATED: Plumbing Safety Check / Winter Freeze Risk Check -> service/plumbing-safety-check/2026-07-24-6a6344b3c108d.webp
UPDATED: Plumbing Pre-Work Check / Before Renovation Plumbing Check -> service/plumbing-pre-work-check/2026-07-24-6a6344b8bae6c.webp
UPDATED: Plumbing Pre-Work Check / Full House Plumbing Survey -> service/plumbing-pre-work-check/2026-07-24-6a6344be40f52.webp
UPDATED: Electric Light Install / Bulb -> service/electric-light-install/2026-07-24-6a6344c303ade.webp
UPDATED: Electric Light Install / Tube Light -> service/electric-light-install/2026-07-24-6a6344c77555f.webp
UPDATED: Electric Light Install / Ceiling Light -> service/electric-light-install/2026-07-24-6a6344cca4084.webp
UPDATED: Electric Light Install / Hanging Light -> service/electric-light-install/2026-07-24-6a6344d12df04.webp
UPDATED: Electric Light Install / Chandelier -> service/electric-light-install/2026-07-24-6a6344d61ab43.webp
UPDATED: Electric Light Install / Decorative Light -> service/electric-light-install/2026-07-24-6a6344da6cab0.webp
UPDATED: Electric Fan Install / Ceiling Fan -> service/electric-fan-install/2026-07-24-6a6344df86ba1.webp
UPDATED: Electric Fan Install / Exhaust Fan -> service/electric-fan-install/2026-07-24-6a6344e441072.webp
UPDATED: Electric Fan Install / BLDC Fan -> service/electric-fan-install/2026-07-24-6a6344e920143.webp
UPDATED: Electric Switch Install / Switch -> service/electric-switch-install/2026-07-24-6a6344edb7337.webp
UPDATED: Electric Switch Install / Socket -> service/electric-switch-install/2026-07-24-6a6344f2e632d.webp
UPDATED: Electric Switch Install / Fan Regulator -> service/electric-switch-install/2026-07-24-6a6344f7caeee.webp
UPDATED: Electric Switch Install / Switchboard -> service/electric-switch-install/2026-07-24-6a6344fc6da87.webp
UPDATED: Electric Switch Install / AC Switchboard -> service/electric-switch-install/2026-07-24-6a634501a2801.webp
UPDATED: Electric Wiring Install / Internal Wiring -> service/electric-wiring-install/2026-07-24-6a634506d4122.webp
UPDATED: Electric Wiring Install / External Wiring -> service/electric-wiring-install/2026-07-24-6a63450c47c97.webp
UPDATED: Electric Wiring Install / Concealed Wiring -> service/electric-wiring-install/2026-07-24-6a63451185366.webp
UPDATED: Electric Wiring Install / Underground Wiring -> service/electric-wiring-install/2026-07-24-6a6345170329c.webp
UPDATED: Electric Wiring Install / New Room Wiring -> service/electric-wiring-install/2026-07-24-6a63451c59517.webp
UPDATED: Electric Full House Wiring / Book Inspection -> service/electric-full-house-wiring/2026-07-24-6a6345233cb76.webp
UPDATED: Electric Point Install / Geyser Point -> service/electric-point-install/2026-07-24-6a634525d1e38.webp
UPDATED: Electric Point Install / AC Point -> service/electric-point-install/2026-07-24-6a634528bf20f.webp
UPDATED: Electric Point Install / Exhaust / Chimney Point -> service/electric-point-install/2026-07-24-6a63452b94169.webp
UPDATED: Electric MCB Install / MCB -> service/electric-mcb-install/2026-07-24-6a63452e30778.webp
UPDATED: Electric MCB Install / DB Panel -> service/electric-mcb-install/2026-07-24-6a6345310491d.webp
UPDATED: Electric Earthing Install / New Earthing -> service/electric-earthing-install/2026-07-24-6a634533cff8a.webp
UPDATED: Electric Accessory Install / Stabilizer -> service/electric-accessory-install/2026-07-24-6a6345368d78a.webp
UPDATED: Electric Accessory Install / Submeter -> service/electric-accessory-install/2026-07-24-6a6345394159d.webp
UPDATED: Electric Accessory Install / Doorbell -> service/electric-accessory-install/2026-07-24-6a63453c0edcf.webp
UPDATED: Electric Inverter Install / Inverter / UPS with Wiring -> service/electric-inverter-install/2026-07-24-6a63453ec9e22.webp
UPDATED: Electric Solar Inverter Install / Book Inspection -> service/electric-solar-inverter-install/2026-07-24-6a6345418f93a.webp
UPDATED: Electric Temporary Wiring / Event / Temporary Setup -> service/electric-temporary-wiring/2026-07-24-6a6345441bf64.webp
UPDATED: Electric Light Repair / Bulb / Tube / Ceiling Light -> service/electric-light-repair/2026-07-24-6a634546cb6c8.webp
UPDATED: Electric Fan Repair / Not Spinning -> service/electric-fan-repair/2026-07-24-6a634549741ae.webp
UPDATED: Electric Fan Repair / Slow Speed -> service/electric-fan-repair/2026-07-24-6a63454c1e9ae.webp
UPDATED: Electric Fan Repair / Noisy -> service/electric-fan-repair/2026-07-24-6a63454eb579b.webp
UPDATED: Electric Switch Repair / Switch / Socket -> service/electric-switch-repair/2026-07-24-6a634552377c9.webp
UPDATED: Electric Switch Repair / Switchboard -> service/electric-switch-repair/2026-07-24-6a63455506a93.webp
UPDATED: Electric MCB Repair / MCB -> service/electric-mcb-repair/2026-07-24-6a6345577c7aa.webp
UPDATED: Electric MCB Repair / Fuse -> service/electric-mcb-repair/2026-07-24-6a63455a18c26.webp
UPDATED: Electric Wiring Repair / Internal Wiring -> service/electric-wiring-repair/2026-07-24-6a63455cb8b11.webp
UPDATED: Electric Wiring Repair / External Wiring -> service/electric-wiring-repair/2026-07-24-6a63455f5af8f.webp
UPDATED: Electric Wiring Repair / Concealed Wiring -> service/electric-wiring-repair/2026-07-24-6a634561d07e0.webp
UPDATED: Electric Wiring Repair / Underground Wiring -> service/electric-wiring-repair/2026-07-24-6a63456493b43.webp
UPDATED: Electric Wiring Repair / Burnt / Damaged Wire -> service/electric-wiring-repair/2026-07-24-6a63456732cef.webp
UPDATED: Electric Power Repair / Short Circuit -> service/electric-power-repair/2026-07-24-6a63456a28124.webp
UPDATED: Electric Power Repair / Tripping / Voltage Issue -> service/electric-power-repair/2026-07-24-6a63456c9b3f4.webp
UPDATED: Electric Power Repair / PCB / Auto-Cut -> service/electric-power-repair/2026-07-24-6a63456f48c4f.webp
UPDATED: Electric DB Panel Repair / Panel Fault / Overheating -> service/electric-db-panel-repair/2026-07-24-6a634572326dd.webp
UPDATED: Electric Earthing Repair / Earthing Fix -> service/electric-earthing-repair/2026-07-24-6a634574cec55.webp
UPDATED: Electric Site Check / Fault Check -> service/electric-site-check/2026-07-24-6a63457777e81.webp
UPDATED: Electric Site Check / Unknown Problem -> service/electric-site-check/2026-07-24-6a63457a33de4.webp
UPDATED: Electric Safety Check / Full Home Safety Check -> service/electric-safety-check/2026-07-24-6a63457ce2ee3.webp
UPDATED: Electric Safety Check / Earthing Check -> service/electric-safety-check/2026-07-24-6a63457fce6c2.webp
UPDATED: Electric Safety Check / MCB / DB Panel Check -> service/electric-safety-check/2026-07-24-6a63458274f8a.webp
UPDATED: Electric Safety Check / Voltage / Load Check -> service/electric-safety-check/2026-07-24-6a634584e4e1e.webp
UPDATED: Electric Safety Check / Short Circuit Risk Check -> service/electric-safety-check/2026-07-24-6a634588d9bb5.webp
UPDATED: Electric Pre-Work Check / Before Renovation Wiring Check -> service/electric-pre-work-check/2026-07-24-6a63458b96286.webp
UPDATED: Electric Pre-Work Check / Full House Wiring Survey -> service/electric-pre-work-check/2026-07-24-6a63458e275fa.webp
UPDATED: Inverter Repair / Book Site Inspection -> service/inverter-repair/2026-07-24-6a634590d3dd2.webp
UPDATED: Inverter Installation / Single Battery -> service/inverter-installation/2026-07-24-6a6345936a9b3.webp
UPDATED: Inverter Servicing / Inverter Servicing -> service/inverter-servicing/2026-07-24-6a63459601561.webp
UPDATED: Inverter Uninstallation / Inverter Uninstallation -> service/inverter-uninstallation/2026-07-24-6a63459879dd7.webp
UPDATED: cctv repair / Book Site Inspection -> service/cctv-repair/2026-07-24-6a63459b1f460.webp
UPDATED: Geyser Cleaning / Geyser Cleaning -> service/geyser-cleaning/2026-07-24-6a63459dbcdc2.webp
UPDATED: Geyser Installation / Storage Geyser -> service/geyser-installation/2026-07-24-6a6345a0b1b2e.webp
UPDATED: Geyser Installation / Instant Geyser -> service/geyser-installation/2026-07-24-6a6345a35f2eb.webp
UPDATED: Geyser Repair / Book Site Inspection -> service/geyser-repair/2026-07-24-6a6345a64801e.webp
UPDATED: Geyser Repair / Leakage -> service/geyser-repair/2026-07-24-6a6345a8e2120.webp
UPDATED: Geyser Uninstallation / Geyser Uninstallation -> service/geyser-uninstallation/2026-07-24-6a6345ab92ca6.webp
UPDATED: TV Installation / 32 to 43 inch -> service/tv-installation/2026-07-24-6a6345ae2ce21.webp
UPDATED: TV Installation / 46 to 55 inch -> service/tv-installation/2026-07-24-6a6345b0c1098.webp
UPDATED: TV Repair / Book Site Inspection -> service/tv-repair/2026-07-24-6a6345b3641dd.webp
UPDATED: Refrigerator Repair / Leak -> service/refrigerator-repair/2026-07-24-6a6345b67b971.webp
UPDATED: Washing Machine Repair / Book Site Inspection -> service/washing-machine-repair/2026-07-24-6a6345b97fc1a.webp
UPDATED: Washing Machine Repair / Water leakage -> service/washing-machine-repair/2026-07-24-6a6345bc2c34f.webp
UPDATED: RO service / Filter replacement -> service/ro-service/2026-07-24-6a6345bef253f.webp
UPDATED: RO service / Leakage -> service/ro-service/2026-07-24-6a6345c1ddc39.webp
UPDATED: RO Installation / RO Installation -> service/ro-installation/2026-07-24-6a6345c459286.webp
UPDATED: Door Installation / Standard Door -> service/door-installation/2026-07-24-6a6345c725ec0.webp
UPDATED: Door Installation / Sliding Door -> service/door-installation/2026-07-24-6a6345c9dcddd.webp
UPDATED: Window Installation / Standard Window -> service/window-installation/2026-07-24-6a6345cc84c47.webp
UPDATED: Window Installation / Sliding Window -> service/window-installation/2026-07-24-6a6345cf28e2a.webp
UPDATED: Bed Installation / Single Bed Install -> service/bed-installation/2026-07-24-6a6345d1f300b.webp
UPDATED: Bed Installation / Single Bed Uninstall -> service/bed-installation/2026-07-24-6a6345d520ac9.webp
UPDATED: Bed Installation / Single Bed Uninstall+ Install -> service/bed-installation/2026-07-24-6a6345d816c65.webp
UPDATED: Bed Installation / Double Bed Install -> service/bed-installation/2026-07-24-6a6345daa6873.webp
UPDATED: Bed Installation / Double Bed Uninstall -> service/bed-installation/2026-07-24-6a6345de34add.webp
UPDATED: Bed Installation / Double Bed Uninstall+ Install -> service/bed-installation/2026-07-24-6a6345e17925f.webp
UPDATED: Table Installation / Table Install -> service/table-installation/2026-07-24-6a6345e47e4bd.webp
UPDATED: Table Installation / Table Uninstall -> service/table-installation/2026-07-24-6a6345e74e60d.webp
UPDATED: Table Installation / Table Install Uninstall -> service/table-installation/2026-07-24-6a6345e9b8bb1.webp
UPDATED: Bed Making / Book on Site inspection -> service/bed-making/2026-07-24-6a6345ec648d9.webp
UPDATED: Wardrobe Making / Book on Site inspection -> service/wardrobe-making/2026-07-24-6a6345f03b36e.webp
UPDATED: Almirah Making / Book on Site inspection -> service/almirah-making/2026-07-24-6a6345f34f7c4.webp
UPDATED: Table Making / Book on Site inspection -> service/table-making/2026-07-24-6a6345f6b1f10.webp
UPDATED: Shop Shelves Making / Book on Site inspection -> service/shop-shelves-making/2026-07-24-6a6345fb35c6c.webp
UPDATED: Kitchen Cabinet Making / Book on Site inspection -> service/kitchen-cabinet-making/2026-07-24-6a6345ff67886.webp
UPDATED: Custom Carpentry Work / Book on Site inspection -> service/custom-carpentry-work/2026-07-24-6a634601d6da2.webp
UPDATED: Door Repair / Book Site Inspection -> service/door-repair/2026-07-24-6a63460473030.webp
UPDATED: Furniture Repair / Book Site Inspection -> service/furniture-repair/2026-07-24-6a63460753dd5.webp
UPDATED: Kitchen Cabinet Repair / Book Site Inspection -> service/kitchen-cabinet-repair/2026-07-24-6a63460a7d028.webp
UPDATED: Wardrobe Repair / Book Site Inspection -> service/wardrobe-repair/2026-07-24-6a63460d6a321.webp
UPDATED: Window Repair / Book Site Inspection -> service/window-repair/2026-07-24-6a634610299a3.webp
UPDATED: Other Carpentry Repair / Book on Site inspection -> service/other-carpentry-repair/2026-07-24-6a6346133ffab.webp
UPDATED: Roof Installation / Book Site Inspection -> service/roof-installation/2026-07-24-6a6346162b2d2.webp
UPDATED: Roof Repair / Book Site Inspection -> service/roof-repair/2026-07-24-6a63461925287.webp
UPDATED: Men's Hair Cut / Standard Hair Cut -> service/mens-hair-cut/2026-07-24-6a63461c191ad.webp
UPDATED: Men's Hair Cut / Premium Hair Cut -> service/mens-hair-cut/2026-07-24-6a63461eb92aa.webp
UPDATED: Men's Hair Treatment / Standard Hair Treatment -> service/mens-hair-treatment/2026-07-24-6a634621b4079.webp
UPDATED: Men's Hair Treatment / Premium Hair Treatment -> service/mens-hair-treatment/2026-07-24-6a6346247c06b.webp
UPDATED: Men's Kids Hair Cut / Kids Hair Cut -> service/mens-kids-hair-cut/2026-07-24-6a63462734c0b.webp
UPDATED: Men's Hair Color / Hair Color With Product -> service/mens-hair-color/2026-07-24-6a63462a82e99.webp
UPDATED: Men's Hair Color / Hair Color Without Product -> service/mens-hair-color/2026-07-24-6a63462e25059.webp
UPDATED: Men's Beard Trimming / Beard Trim -> service/mens-beard-trimming/2026-07-24-6a634630e182f.webp
UPDATED: Men's Beard Trimming / Beard & Mustache Trim -> service/mens-beard-trimming/2026-07-24-6a634633d6bfe.webp
UPDATED: Men's Clean Shave / Standard Clean Shave -> service/mens-clean-shave/2026-07-24-6a6346369cb04.webp
UPDATED: Men's Clean Shave / Premium Clean Shave -> service/mens-clean-shave/2026-07-24-6a6346397330f.webp
UPDATED: Men's Beard Color / Beard Color With Product -> service/mens-beard-color/2026-07-24-6a63463c20aad.webp
UPDATED: Men's Beard Color / Beard Color Without Product -> service/mens-beard-color/2026-07-24-6a63463ebdca7.webp
UPDATED: Men's  Waxing Services / Underarm Waxing -> service/mens-waxing/2026-07-24-6a6346416515e.webp
UPDATED: Men's  Waxing Services / Chest Waxing -> service/mens-waxing/2026-07-24-6a6346442963a.webp
UPDATED: Men's  Waxing Services / Back Waxing -> service/mens-waxing/2026-07-24-6a6346474a958.webp
UPDATED: Men's  Waxing Services / Full Arms Waxing -> service/mens-waxing/2026-07-24-6a63464a3ed8b.webp
UPDATED: Men's Facial & Cleanup / Instant Cleanup -> service/mens-facial-cleanup/2026-07-24-6a63464dbf504.webp
UPDATED: Men's Facial & Cleanup / Deep Cleanup Facial -> service/mens-facial-cleanup/2026-07-24-6a634650ad0a0.webp
UPDATED: Men's Pedicure / Express Pedicure -> service/mens-pedicure/2026-07-24-6a6346534fd25.webp
UPDATED: Men's Nail cut & file / Hands Nail Cut & File -> service/mens-nail-cut-file/2026-07-24-6a6346562b2cc.webp
UPDATED: Men's Nail cut & file / Feet Nail Cut & File -> service/mens-nail-cut-file/2026-07-24-6a63465916016.webp
UPDATED: Men's Detan / Face & Neck Detan -> service/mens-detan/2026-07-24-6a63465bac160.webp
UPDATED: Men's Detan / Hands Detan -> service/mens-detan/2026-07-24-6a63465e4ac68.webp
UPDATED: Men's Threading / Eyebrow Threading -> service/mens-threading/2026-07-24-6a634660e7613.webp
UPDATED: Men's Threading / Full Face Threading -> service/mens-threading/2026-07-24-6a63466364cc6.webp
UPDATED: Men's Manicure / Express Manicure -> service/mens-manicure/2026-07-24-6a6346662ec33.webp
UPDATED: Men's Massage / Head Massage 10 Min -> service/mens-massage/2026-07-24-6a634668ce7f8.webp
UPDATED: Men's Massage / Head Massage 20 Min -> service/mens-massage/2026-07-24-6a63466bc0826.webp
UPDATED: Men's Massage / Head Neck & Shoulder Massage -> service/mens-massage/2026-07-24-6a63466e94431.webp
UPDATED: Apartment cockroach control / Book On Site Inspection -> service/apartment-cockroach-control/2026-07-24-6a63467131049.webp
UPDATED: Bungalow cockroach control / Book On Site Inspection -> service/bungalow-cockroach-control/2026-07-24-6a634673d7126.webp
UPDATED: Kitchen cockroach control / Book On Site Inspection -> service/kitchen-cockroach-control/2026-07-24-6a634676e0a36.webp
UPDATED: Partial home cockroach control / Book On Site Inspection -> service/partial-home-cockroach-control/2026-07-24-6a634679904d6.webp
UPDATED: Office cockroach control / Book On Site Inspection -> service/office-cockroach-control/2026-07-24-6a63467c3a90d.webp
UPDATED: Office rodent control / Book On Site Inspection -> service/office-rodent-control/2026-07-24-6a63467ed929c.webp
UPDATED: Office ant control / Book On Site Inspection -> service/office-ant-control/2026-07-24-6a63468183c82.webp
UPDATED: Restaurant kitchen pest control / Book On Site Inspection -> service/restaurant-kitchen-pest-control/2026-07-24-6a63468468bc5.webp
UPDATED: Restaurant dining pest control / Book On Site Inspection -> service/restaurant-dining-pest-control/2026-07-24-6a63468709787.webp
UPDATED: Restaurant cockroach control / Book On Site Inspection -> service/restaurant-cockroach-control/2026-07-24-6a6346897e00f.webp
UPDATED: Women's Manicure / Basic Manicure -> service/womens-manicure/2026-07-24-6a63468c364d1.webp
UPDATED: Women's Manicure / Fruit Manicure -> service/womens-manicure/2026-07-24-6a63468e28d66.webp
UPDATED: Women's Manicure / DTan Manicure -> service/womens-manicure/2026-07-24-6a6346902ab54.webp
UPDATED: Women's Pedicure / Basic Pedicure -> service/womens-pedicure/2026-07-24-6a63469212b05.webp
UPDATED: Women's Pedicure / Fruit Pedicure -> service/womens-pedicure/2026-07-24-6a63469409930.webp
UPDATED: Women's Pedicure / DTan Pedicure -> service/womens-pedicure/2026-07-24-6a6346960b166.webp
UPDATED: Cut, file & polish / Cut, File &  polish (feet) -> service/cut-file-polish/2026-07-24-6a63469854e68.webp
UPDATED: Essential Mani-Pedi Combo / Fruit Mani &Pedi -> service/essential-mani-pedi-combo/2026-07-24-6a63469aafc7b.webp
UPDATED: Essential Mani-Pedi Combo / DTan Mani & Pedi -> service/essential-mani-pedi-combo/2026-07-24-6a63469cdc583.webp
UPDATED: Hair Cut & Styling / V-Cut Style -> service/hair-cut-styling/2026-07-24-6a63469ea2e0d.webp
UPDATED: Hair Cut & Styling / U-Cut Style -> service/hair-cut-styling/2026-07-24-6a6346a0525dd.webp
UPDATED: Hair Cut & Styling / Step  Cutting -> service/hair-cut-styling/2026-07-24-6a6346a299096.webp
UPDATED: Hair Cut & Styling / Layered Cutting -> service/hair-cut-styling/2026-07-24-6a6346a4ca15e.webp
UPDATED: Hair Cut & Styling / Temporary Hair straightening -> service/hair-cut-styling/2026-07-24-6a6346a6b1225.webp
UPDATED: Hair Cut & Styling / Hair Flicks -> service/hair-cut-styling/2026-07-24-6a6346a8b11c6.webp
UPDATED: Women's Hair Coloring / Henna application -> service/womens-hair-coloring/2026-07-24-6a6346aa8302a.webp
UPDATED: Women's Hair Coloring / Streaks Global Color -> service/womens-hair-coloring/2026-07-24-6a6346ac7836f.webp
UPDATED: Women's Hair Coloring / Hair Highlight -> service/womens-hair-coloring/2026-07-24-6a6346aeb8aa0.webp
UPDATED: Women's Hair Spa / L'Oreal Hair Spa -> service/womens-hair-spa/2026-07-24-6a6346b1a3da9.webp
UPDATED: Women's Hair Wash / Head Wash -> service/womens-hair-wash/2026-07-24-6a6346b44c635.webp
UPDATED: Hair keratin / Keratin Smoothening -> service/hair-keratin/2026-07-24-6a6346b61c160.webp
UPDATED: Hair keratin / Root TouchUp -> service/hair-keratin/2026-07-24-6a6346b8057fc.webp
UPDATED: Women's  Face Cleanup / Cleanup Service -> service/womens-face-cleanup/2026-07-24-6a6346bae27b0.webp
UPDATED: Women's Facial Services / O3+ Shine & Glow -> service/womens-facial-services/2026-07-24-6a6346bcd82e3.webp
UPDATED: Women's Facial Services / VLCC Brightening facial -> service/womens-facial-services/2026-07-24-6a6346bf59a85.webp
UPDATED: Women's Facial Services / Kanepeki Facial -> service/womens-facial-services/2026-07-24-6a6346c15a437.webp
UPDATED: Women's Facial Services / Anti aging Facial -> service/womens-facial-services/2026-07-24-6a6346c47ec02.webp
UPDATED: Women's Facial Services / Daimond  Facial -> service/womens-facial-services/2026-07-24-6a6346c65bd2d.webp
UPDATED: Women's Facial Services / Anti Tan Facial -> service/womens-facial-services/2026-07-24-6a6346c87673a.webp
UPDATED: Women's Facial Services / Pearl Facial -> service/womens-facial-services/2026-07-24-6a6346cad2964.webp
UPDATED: Women's Facial Services / Lotus Facial -> service/womens-facial-services/2026-07-24-6a6346ccb6948.webp
UPDATED: Women's Facial Services / Herbal  Facial -> service/womens-facial-services/2026-07-24-6a6346cebacbf.webp
UPDATED: Women's Threading Services / Upper-Lip-Threading -> service/womens-threading-services/2026-07-24-6a6346d218901.webp
UPDATED: Women's Threading Services / Full Face Threading -> service/womens-threading-services/2026-07-24-6a6346d520083.webp
UPDATED: Women's Threading Services / Eyebrows Threading -> service/womens-threading-services/2026-07-24-6a6346d7c9c67.webp
UPDATED: Women's Threading Services / Chin Threading -> service/womens-threading-services/2026-07-24-6a6346dab80c6.webp
UPDATED: Women's Threading Services / Forehead Threading -> service/womens-threading-services/2026-07-24-6a6346dd8d1c8.webp
UPDATED: Women's Waxing Services / Full Body Waxing - RIca -> service/womens-waxing-services/2026-07-24-6a6346e064d0b.webp
UPDATED: Women's Waxing Services / Full Face Waxing -> service/womens-waxing-services/2026-07-24-6a6346e2dd8ed.webp
UPDATED: Women's Waxing Services / Upper Lip Waxing -> service/womens-waxing-services/2026-07-24-6a6346e58a436.webp
UPDATED: Women's Waxing Services / Full Arm Waxing- Rica -> service/womens-waxing-services/2026-07-24-6a6346e860a6a.webp
UPDATED: Women's Waxing Services / Full Leg - Rica -> service/womens-waxing-services/2026-07-24-6a6346eb48217.webp
UPDATED: Women's Waxing Services / Bikini Waxing -> service/womens-waxing-services/2026-07-24-6a6346ef45b6e.webp
UPDATED: Women's Waxing Services / Eyebrow Waxing -> service/womens-waxing-services/2026-07-24-6a6346f270048.webp
UPDATED: Women's Waxing Services / Underarms Waxing -> service/womens-waxing-services/2026-07-24-6a6346f59bddb.webp
UPDATED: Massage Services / Body Massage -> service/head-massage-1/2026-07-24-6a6346f89d5b5.webp
UPDATED: Massage Services / Head Massage -> service/head-massage-1/2026-07-24-6a6346fbd0a98.webp
UPDATED: Massage Services / Body Polishing -> service/head-massage-1/2026-07-24-6a6346fef33af.webp
UPDATED: Make your own package / Full Face Waxing -> service/skin-facial-care-make-your-own-package/2026-07-24-6a6347023ebed.webp
UPDATED: Lawn Mowing & Trimming / Lawn Mowing & Trimming — Small (up to 200 sq ft) -> service/lawn-mowing-trimming/2026-07-24-6a6347070f296.webp
UPDATED: Lawn Mowing & Trimming / Lawn Mowing & Trimming — Medium (200–500 sq ft) -> service/lawn-mowing-trimming/2026-07-24-6a63470c0fbce.webp
UPDATED: Lawn Mowing & Trimming / Lawn Mowing & Trimming — Large (500+ sq ft) -> service/lawn-mowing-trimming/2026-07-24-6a63471074a4e.webp
UPDATED: Grass Edging & Levelling / Grass Edging & Levelling — Book Site Inspection -> service/grass-edging-levelling/2026-07-24-6a6347156185c.webp
UPDATED: Planting & Repotting / Planting & Repotting — Book Site Inspection -> service/planting-repotting/2026-07-24-6a634719f24a8.webp
UPDATED: Soil Preparation & Fertilizing / Soil Preparation & Fertilizing — Book Site Inspection -> service/soil-preparation-fertilizing/2026-07-24-6a63471ecc596.webp
UPDATED: Terrace & Balcony Garden Setup / Terrace & Balcony Garden Setup — Small -> service/terrace-balcony-garden-setup/2026-07-24-6a634724505bf.webp
UPDATED: Terrace & Balcony Garden Setup / Terrace & Balcony Garden Setup — Large -> service/terrace-balcony-garden-setup/2026-07-24-6a6347296afd1.webp
UPDATED: Drip Irrigation Setup / Drip Irrigation Setup — Book Site Inspection -> service/drip-irrigation-setup/2026-07-24-6a63472f030b6.webp
UPDATED: Hedge Cutting / Hedge Cutting — Book Site Inspection -> service/hedge-cutting/2026-07-24-6a634734192d5.webp
UPDATED: Tree & Shrub Pruning / Tree & Shrub Pruning — Book Site Inspection -> service/tree-shrub-pruning/2026-07-24-6a6347390f787.webp
UPDATED: Plant Shaping & Deadheading / Plant Shaping & Deadheading — Book Site Inspection -> service/plant-shaping-deadheading/2026-07-24-6a63473eb4d81.webp
UPDATED: Garden Cleanup & Weeding / Garden Cleanup & Weeding — Small (up to 200 sq ft) -> service/garden-cleanup-weeding/2026-07-24-6a63474381bc1.webp
UPDATED: Garden Cleanup & Weeding / Garden Cleanup & Weeding — Medium (200–500 sq ft) -> service/garden-cleanup-weeding/2026-07-24-6a6347489b2c6.webp
UPDATED: Garden Cleanup & Weeding / Garden Cleanup & Weeding — Large (500+ sq ft) -> service/garden-cleanup-weeding/2026-07-24-6a63474d2df47.webp
UPDATED: Leaf & Debris Removal / Leaf & Debris Removal — Small -> service/leaf-debris-removal/2026-07-24-6a63475256d91.webp
UPDATED: Leaf & Debris Removal / Leaf & Debris Removal — Large -> service/leaf-debris-removal/2026-07-24-6a6347576140d.webp
UPDATED: Seasonal Garden Maintenance / Seasonal Garden Maintenance — Book Site Inspection -> service/seasonal-garden-maintenance/2026-07-24-6a63475ce3d73.webp
UPDATED: Monthly Garden Maintenance Plan / Monthly Garden Maintenance Plan — Small (up to 200 sq ft) -> service/monthly-garden-maintenance-plan/2026-07-24-6a63476148970.webp
UPDATED: Monthly Garden Maintenance Plan / Monthly Garden Maintenance Plan — Medium (200–500 sq ft) -> service/monthly-garden-maintenance-plan/2026-07-24-6a634766c3fa8.webp
UPDATED: Monthly Garden Maintenance Plan / Monthly Garden Maintenance Plan — Large (500+ sq ft) -> service/monthly-garden-maintenance-plan/2026-07-24-6a63476c0d262.webp
UPDATED: Plant Pest & Disease Treatment / Plant Pest & Disease Treatment — Book Site Inspection -> service/plant-pest-disease-treatment/2026-07-24-6a6347711572c.webp
UPDATED: ACP Cladding Installation / Book On Site Inspection -> service/acp-cladding-installation/2026-07-24-6a634777488d0.webp
UPDATED: Aluminium Window Installation / Book On Site Inspection -> service/aluminium-window-installation/2026-07-24-6a63477c651c7.webp
UPDATED: Aluminium Door Installation / Book On Site Inspection -> service/aluminium-door-installation/2026-07-24-6a6347816394f.webp
UPDATED: uPVC Window Installation / Book On Site Inspection -> service/upvc-window-installation/2026-07-24-6a6347873a373.webp
UPDATED: uPVC Door Installation / Book On Site Inspection -> service/upvc-door-installation/2026-07-24-6a63478bd875d.webp
UPDATED: Balcony Railing Installation / Book On Site Inspection -> service/balcony-railing-installation/2026-07-24-6a63479073504.webp
UPDATED: Staircase Railing Installation / Book On Site Inspection -> service/staircase-railing-installation/2026-07-24-6a634795cc2e1.webp
UPDATED: PVC Wall Panelling Installation / Book On Site Inspection -> service/pvc-wall-panelling-installation/2026-07-24-6a63479ae75a8.webp
UPDATED: False Ceiling Installation / Book On Site Inspection -> service/false-ceiling-installation/2026-07-24-6a63479fc0dd9.webp
UPDATED: MS Gate Installation / Book On Site Inspection -> service/ms-gate-installation/2026-07-24-6a6347a4731c3.webp
UPDATED: SS Grill Installation / Book On Site Inspection -> service/ss-grill-installation/2026-07-24-6a6347a975bb2.webp
UPDATED: Glass Partition Installation / Book On Site Inspection -> service/glass-partition-installation/2026-07-24-6a6347ae036d3.webp
UPDATED: Shop Shutter Installation / Book On Site Inspection -> service/shop-shutter-installation/2026-07-24-6a6347b2c2a70.webp
UPDATED: Pergola & Car Porch Installation / Book On Site Inspection -> service/pergola-car-porch-installation/2026-07-24-6a6347b70d046.webp
UPDATED: Signage Frame Installation / Book On Site Inspection -> service/signage-frame-installation/2026-07-24-6a6347bb806c8.webp
UPDATED: ACP Panel Repair / Book On Site Inspection -> service/acp-panel-repair/2026-07-24-6a6347c140dcb.webp
UPDATED: Aluminium Window Repair / Book On Site Inspection -> service/aluminium-window-repair/2026-07-24-6a6347c61332e.webp
UPDATED: Aluminium Door Repair / Book On Site Inspection -> service/aluminium-door-repair/2026-07-24-6a6347cab9438.webp
UPDATED: uPVC Window & Door Repair / Book On Site Inspection -> service/upvc-window-door-repair/2026-07-24-6a6347cfb9edb.webp
UPDATED: Railing Repair / Book On Site Inspection -> service/railing-repair/2026-07-24-6a6347d49f0eb.webp
UPDATED: Gate & Grill Repair / Book On Site Inspection -> service/gate-grill-repair/2026-07-24-6a6347da82052.webp
UPDATED: False Ceiling Repair / Book On Site Inspection -> service/false-ceiling-repair/2026-07-24-6a6347dfa0f16.webp
UPDATED: PVC Panel Repair / Book On Site Inspection -> service/pvc-panel-repair/2026-07-24-6a6347e4561d9.webp
UPDATED: Shop Shutter Repair / Book On Site Inspection -> service/shop-shutter-repair/2026-07-24-6a6347e8e6c85.webp
UPDATED: Custom MS Gate Fabrication / Book On Site Inspection -> service/custom-ms-gate-fabrication/2026-07-24-6a6347ed70934.webp
UPDATED: Custom SS Grill Fabrication / Book On Site Inspection -> service/custom-ss-grill-fabrication/2026-07-24-6a6347f202fd0.webp
UPDATED: Custom Railing Fabrication / Book On Site Inspection -> service/custom-railing-fabrication/2026-07-24-6a6347f6cbf10.webp
UPDATED: Custom Aluminium Window Fabrication / Book On Site Inspection -> service/custom-aluminium-window-fabrication/2026-07-24-6a6347fbc0e09.webp
UPDATED: Steel Bracket Fabrication / Book On Site Inspection -> service/steel-bracket-fabrication/2026-07-24-6a634800e7a5c.webp
UPDATED: Dog Full Grooming / Dog Full Grooming — Small (up to 10 kg) -> service/full-dog-grooming/2026-07-24-6a634805f33c0.webp
UPDATED: Dog Full Grooming / Dog Full Grooming — Medium (10–25 kg) -> service/full-dog-grooming/2026-07-24-6a63480b576b2.webp
UPDATED: Dog Full Grooming / Dog Full Grooming — Large (25–40 kg) -> service/full-dog-grooming/2026-07-24-6a63480fec1f6.webp
UPDATED: Dog Full Grooming / Dog Full Grooming — Extra large (40+ kg) -> service/full-dog-grooming/2026-07-24-6a63481519b32.webp
UPDATED: Dog Bath & Brush / Dog Bath & Brush — Small (up to 10 kg) -> service/dog-bath-and-brush/2026-07-24-6a63481b3657b.webp
UPDATED: Dog Bath & Brush / Dog Bath & Brush — Medium (10–25 kg) -> service/dog-bath-and-brush/2026-07-24-6a63482074f3c.webp
UPDATED: Dog Bath & Brush / Dog Bath & Brush — Large (25–40 kg) -> service/dog-bath-and-brush/2026-07-24-6a63482572d4c.webp
UPDATED: Dog Bath & Brush / Dog Bath & Brush — Extra large (40+ kg) -> service/dog-bath-and-brush/2026-07-24-6a63482a33abe.webp
UPDATED: Dog Haircut & Trim / Dog Haircut & Trim — Small (up to 10 kg) -> service/dog-haircut-and-trim/2026-07-24-6a63482fdd777.webp
UPDATED: Dog Haircut & Trim / Dog Haircut & Trim — Medium (10–25 kg) -> service/dog-haircut-and-trim/2026-07-24-6a634834eb8b6.webp
UPDATED: Dog Haircut & Trim / Dog Haircut & Trim — Large (25–40 kg) -> service/dog-haircut-and-trim/2026-07-24-6a63483988e90.webp
UPDATED: Dog Haircut & Trim / Dog Haircut & Trim — Extra large (40+ kg) -> service/dog-haircut-and-trim/2026-07-24-6a63483e97a18.webp
UPDATED: Dog Nail Clipping / Dog Nail Clipping — Standard -> service/dog-nail-clipping/2026-07-24-6a6348439e4b3.webp
