Uploading 22 categories
Storage prefix: prod
UPDATED: Appliance & Utility Cleaning -> light=subcategory/appliance-utility-cleaning/2026-07-24-6a63388829dc8.webp, dark=subcategory/appliance-utility-cleaning/2026-07-24-6a63388a200c9.webp
UPDATED: Beauty Artists -> light=subcategory/beauty-artists/2026-07-24-6a63388c8e5e9.webp, dark=subcategory/beauty-artists/2026-07-24-6a63388f9549e.webp
UPDATED: Building & Site -> light=subcategory/building-site/2026-07-24-6a633892847cf.webp, dark=subcategory/building-site/2026-07-24-6a6338946e2df.webp
UPDATED: Carpentry Installation -> light=subcategory/carpentry-installation/2026-07-24-6a63389703766.webp, dark=subcategory/carpentry-installation/2026-07-24-6a633898f3ad5.webp
UPDATED: Carpentry Making -> light=subcategory/carpentry-making/2026-07-24-6a63389ba65f4.webp, dark=subcategory/carpentry-making/2026-07-24-6a63389e911c8.webp
UPDATED: Carpentry Repairs -> light=subcategory/carpentry-repairs/2026-07-24-6a6338a13375b.webp, dark=subcategory/carpentry-repairs/2026-07-24-6a6338a32029a.webp
UPDATED: Furniture & Fabric Cleaning -> light=subcategory/furniture-fabric-cleaning/2026-07-24-6a6338a6a225a.webp, dark=subcategory/furniture-fabric-cleaning/2026-07-24-6a6338a8ba05c.webp
UPDATED: Home & Commercial Cleaning -> light=subcategory/home-commercial-cleaning/2026-07-24-6a6338ab53936.webp, dark=subcategory/home-commercial-cleaning/2026-07-24-6a6338ad5f6cc.webp
UPDATED: Home Care -> light=subcategory/home-care/2026-07-24-6a6338b002bf9.webp, dark=subcategory/home-care/2026-07-24-6a6338b21a734.webp
UPDATED: Home Cleaning -> light=subcategory/home-cleaning/2026-07-24-6a6338b4c8955.webp, dark=subcategory/home-cleaning/2026-07-24-6a6338b704a43.webp
UPDATED: Home Trades -> light=subcategory/home-trades/2026-07-24-6a6338bbc79e1.webp, dark=subcategory/home-trades/2026-07-24-6a6338bdd2dc4.webp
UPDATED: Masonry Inspection -> light=subcategory/masonry-inspection/2026-07-24-6a6338c04ead8.webp, dark=subcategory/masonry-inspection/2026-07-24-6a6338c23c691.webp
UPDATED: Masonry Installation -> light=subcategory/masonry-installation/2026-07-24-6a6338c4f0535.webp, dark=subcategory/masonry-installation/2026-07-24-6a6338c6e8ee6.webp
UPDATED: Masonry Installs -> light=subcategory/masonry-installs/2026-07-24-6a6338c9f1e85.webp, dark=subcategory/masonry-installs/2026-07-24-6a6338cce7cb9.webp
UPDATED: Masonry Repair -> light=subcategory/masonry-repair/2026-07-24-6a6338d043ff7.webp, dark=subcategory/masonry-repair/2026-07-24-6a6338d26844b.webp
UPDATED: Masonry Repairs -> light=subcategory/masonry-repairs/2026-07-24-6a6338d51f6dd.webp, dark=subcategory/masonry-repairs/2026-07-24-6a6338d7325fc.webp
UPDATED: Men's Beard & Shaving -> light=subcategory/mens-beard-shaving/2026-07-24-6a6338da2b6cd.webp, dark=subcategory/mens-beard-shaving/2026-07-24-6a6338dbe5063.webp
UPDATED: Men's Hair Services -> light=subcategory/mens-hair-services/2026-07-24-6a6338de87d69.webp, dark=subcategory/mens-hair-services/2026-07-24-6a6338e05b8c7.webp
UPDATED: Men's Skin & Grooming -> light=subcategory/mens-skin-grooming-care/2026-07-24-6a6338e3008c5.webp, dark=subcategory/mens-skin-grooming-care/2026-07-24-6a6338e4c9219.webp
UPDATED: Office & Commercial Cleaning -> light=subcategory/office-commercial-cleaning/2026-07-24-6a6338e772ac5.webp, dark=subcategory/office-commercial-cleaning/2026-07-24-6a6338e964730.webp
UPDATED: Post-Construction Cleaning -> light=subcategory/post-construction-cleaning/2026-07-24-6a6338ee3e4f9.webp, dark=subcategory/post-construction-cleaning/2026-07-24-6a6338efede99.webp
UPDATED: Roofing Works -> light=subcategory/roofing-works/2026-07-24-6a6338f291d29.webp, dark=subcategory/roofing-works/2026-07-24-6a6338f4a936d.webp

Done. Updated: 22, Skipped: 0
