Uploading 26 categories
Storage prefix: prod
UPDATED: Book Kaergar -> light=category/book-kaergar/2026-07-24-6a6332db7436f.webp, dark=category/book-kaergar/2026-07-24-6a6332dfaeb50.webp
UPDATED: Carpentry Services -> light=category/carpentary/2026-07-24-6a6332e3dc2d7.webp, dark=category/carpentary/2026-07-24-6a6332e83e0d8.webp
UPDATED: Cleaning Services -> light=category/cleaning/2026-07-24-6a6332eca4d88.webp, dark=category/cleaning/2026-07-24-6a6332f012ccf.webp
UPDATED: Dry Cleaning & Laundry -> light=category/laundry/2026-07-24-6a6332f484698.webp, dark=category/laundry/2026-07-24-6a6332f7f2fb9.webp
UPDATED: Masonary Services -> light=category/masonry/2026-07-24-6a6332fc253ae.webp, dark=category/masonry/2026-07-24-6a6332ff6ba9c.webp
UPDATED: Men's Salon -> light=category/mens-salon/2026-07-24-6a6333034e34f.webp, dark=category/mens-salon/2026-07-24-6a633305df7fb.webp
UPDATED: Appliance & Utility Cleaning -> light=subcategory/appliance-utility-cleaning/2026-07-24-6a6333098a74a.webp, dark=subcategory/appliance-utility-cleaning/2026-07-24-6a63330ca0f3b.webp
UPDATED: Beauty Artists -> light=subcategory/beauty-artists/2026-07-24-6a6333100a856.webp, dark=subcategory/beauty-artists/2026-07-24-6a633312e7e58.webp
UPDATED: Building & Site -> light=subcategory/building-site/2026-07-24-6a63331697f2b.webp, dark=subcategory/building-site/2026-07-24-6a63331994ddb.webp
UPDATED: Carpentry Installation -> light=subcategory/carpentry-installation/2026-07-24-6a63331cde57c.webp, dark=subcategory/carpentry-installation/2026-07-24-6a6333200e03d.webp
UPDATED: Carpentry Making -> light=subcategory/carpentry-making/2026-07-24-6a6333241e976.webp, dark=subcategory/carpentry-making/2026-07-24-6a633325cf96f.webp
UPDATED: Carpentry Repairs -> light=subcategory/carpentry-repairs/2026-07-24-6a63332a3337a.webp, dark=subcategory/carpentry-repairs/2026-07-24-6a63332cc46a4.webp
UPDATED: Dry Cleaning -> light=subcategory/dry-clean/2026-07-24-6a633331d749e.webp, dark=subcategory/dry-clean/2026-07-24-6a6333358fd25.webp
UPDATED: Furniture & Fabric Cleaning -> light=subcategory/furniture-fabric-cleaning/2026-07-24-6a63333997dbe.webp, dark=subcategory/furniture-fabric-cleaning/2026-07-24-6a63333ce6023.webp
UPDATED: Home & Commercial Cleaning -> light=subcategory/home-commercial-cleaning/2026-07-24-6a633340c267c.webp, dark=subcategory/home-commercial-cleaning/2026-07-24-6a633344149b9.webp
UPDATED: Home Care -> light=subcategory/home-care/2026-07-24-6a633347dc9f2.webp, dark=subcategory/home-care/2026-07-24-6a63334b6fe9f.webp
UPDATED: Home Trades -> light=subcategory/home-trades/2026-07-24-6a633350526bd.webp, dark=subcategory/home-trades/2026-07-24-6a63335410b4a.webp
UPDATED: Laundry -> light=subcategory/wash-laundry/2026-07-24-6a633357c25ce.webp, dark=subcategory/wash-laundry/2026-07-24-6a63335acabb4.webp
UPDATED: Masonry Inspection -> light=subcategory/masonry-inspection/2026-07-24-6a63335f45007.webp, dark=subcategory/masonry-inspection/2026-07-24-6a63336168b15.webp
UPDATED: Masonry Installation -> light=subcategory/masonry-installation/2026-07-24-6a63336593750.webp, dark=subcategory/masonry-installation/2026-07-24-6a6333672e7ac.webp
UPDATED: Masonry Repair -> light=subcategory/masonry-repair/2026-07-24-6a63336c19219.webp, dark=subcategory/masonry-repair/2026-07-24-6a63336e2b0a8.webp
UPDATED: Men's Beard & Shaving -> light=subcategory/mens-beard-shaving/2026-07-24-6a633372db089.webp, dark=subcategory/mens-beard-shaving/2026-07-24-6a633376c9bb7.webp
UPDATED: Men's Hair Services -> light=subcategory/mens-hair-services/2026-07-24-6a63337b81fa6.webp, dark=subcategory/mens-hair-services/2026-07-24-6a63337ee91f8.webp
UPDATED: Men's Skin & Grooming -> light=subcategory/mens-skin-grooming-care/2026-07-24-6a63338305968.webp, dark=subcategory/mens-skin-grooming-care/2026-07-24-6a6333867d4ed.webp
UPDATED: Post-Construction Cleaning -> light=subcategory/post-construction-cleaning/2026-07-24-6a63338ab8ec7.webp, dark=subcategory/post-construction-cleaning/2026-07-24-6a63338db0b01.webp
UPDATED: Roofing Works -> light=subcategory/roofing-works/2026-07-24-6a6333919a523.webp, dark=subcategory/roofing-works/2026-07-24-6a63339361ed1.webp

Done. Updated: 26, Skipped: 0
