Uploading 540 variant icons
Storage prefix: prod
UPDATED: Book Carpenter / Book Carpenter — Book for 1 hour -> service/book-a-carpenter/2026-07-24-6a634170d78a6.webp
   ERROR  ob_flush(): Failed to flush buffer. No buffer to flush in scripts/upload-variant-icons-bulk-live.php on line 178.
UPDATED: Book Carpenter / Book Carpenter — Book for half day (4 hours) -> service/book-a-carpenter/2026-07-24-6a63417625f41.webp
   ERROR  ob_flush(): Failed to flush buffer. No buffer to flush in scripts/upload-variant-icons-bulk-live.php on line 178.
UPDATED: Book Carpenter / Book Carpenter — Book for full day (8 hours) -> service/book-a-carpenter/2026-07-24-6a63417bdee09.webp
   ERROR  ob_flush(): Failed to flush buffer. No buffer to flush in scripts/upload-variant-icons-bulk-live.php on line 178.
UPDATED: Book Electrician / Book Electrician — Book for 1 hour -> service/book-an-electrician/2026-07-24-6a6341808a554.webp
   ERROR  ob_flush(): Failed to flush buffer. No buffer to flush in scripts/upload-variant-icons-bulk-live.php on line 178.
UPDATED: Book Electrician / Book Electrician — Book for half day (4 hours) -> service/book-an-electrician/2026-07-24-6a63418568e09.webp
   ERROR  ob_flush(): Failed to flush buffer. No buffer to flush in scripts/upload-variant-icons-bulk-live.php on line 178.
UPDATED: Book Electrician / Book Electrician — Book for full day (8 hours) -> service/book-an-electrician/2026-07-24-6a63418a8f081.webp
   ERROR  ob_flush(): Failed to flush buffer. No buffer to flush in scripts/upload-variant-icons-bulk-live.php on line 178.
UPDATED: Book Painter / Book Painter — Book for 1 hour -> service/book-a-painter/2026-07-24-6a63418fc83c0.webp
   ERROR  ob_flush(): Failed to flush buffer. No buffer to flush in scripts/upload-variant-icons-bulk-live.php on line 178.
UPDATED: Book Painter / Book Painter — Book for half day (4 hours) -> service/book-a-painter/2026-07-24-6a6341950394d.webp
   ERROR  ob_flush(): Failed to flush buffer. No buffer to flush in scripts/upload-variant-icons-bulk-live.php on line 178.
UPDATED: Book Painter / Book Painter — Book for full day (8 hours) -> service/book-a-painter/2026-07-24-6a634199e0e75.webp
   ERROR  ob_flush(): Failed to flush buffer. No buffer to flush in scripts/upload-variant-icons-bulk-live.php on line 178.
UPDATED: Book Plumber / Book Plumber — Book for 1 hour -> service/book-a-plumber/2026-07-24-6a63419e6de6d.webp
   ERROR  ob_flush(): Failed to flush buffer. No buffer to flush in scripts/upload-variant-icons-bulk-live.php on line 178.
UPDATED: Book Plumber / Book Plumber — Book for half day (4 hours) -> service/book-a-plumber/2026-07-24-6a6341a2ae5d8.webp
   ERROR  ob_flush(): Failed to flush buffer. No buffer to flush in scripts/upload-variant-icons-bulk-live.php on line 178.
UPDATED: Book Plumber / Book Plumber — Book for full day (8 hours) -> service/book-a-plumber/2026-07-24-6a6341a786988.webp
   ERROR  ob_flush(): Failed to flush buffer. No buffer to flush in scripts/upload-variant-icons-bulk-live.php on line 178.
UPDATED: Book Mason / Book Mason — Book for 1 hour -> service/book-a-mason/2026-07-24-6a6341acac9c0.webp
   ERROR  ob_flush(): Failed to flush buffer. No buffer to flush in scripts/upload-variant-icons-bulk-live.php on line 178.
UPDATED: Book Mason / Book Mason — Book for half day (4 hours) -> service/book-a-mason/2026-07-24-6a6341b20f607.webp
   ERROR  ob_flush(): Failed to flush buffer. No buffer to flush in scripts/upload-variant-icons-bulk-live.php on line 178.
UPDATED: Book Mason / Book Mason — Book for full day (8 hours) -> service/book-a-mason/2026-07-24-6a6341b6b8878.webp
   ERROR  ob_flush(): Failed to flush buffer. No buffer to flush in scripts/upload-variant-icons-bulk-live.php on line 178.
UPDATED: Book Labour / Book Labour — Book for 1 hour -> service/book-labour/2026-07-24-6a6341bbeedb1.webp
   ERROR  ob_flush(): Failed to flush buffer. No buffer to flush in scripts/upload-variant-icons-bulk-live.php on line 178.
UPDATED: Book Labour / Book Labour — Book for half day (4 hours) -> service/book-labour/2026-07-24-6a6341c1729c9.webp
   ERROR  ob_flush(): Failed to flush buffer. No buffer to flush in scripts/upload-variant-icons-bulk-live.php on line 178.
UPDATED: Book Labour / Book Labour — Book for full day (8 hours) -> service/book-labour/2026-07-24-6a6341c681138.webp
   ERROR  ob_flush(): Failed to flush buffer. No buffer to flush in scripts/upload-variant-icons-bulk-live.php on line 178.
UPDATED: Book Welder / Fabricator / Book Welder / Fabricator — Book for 1 hour -> service/book-a-welder/2026-07-24-6a6341cbc07e9.webp
   ERROR  ob_flush(): Failed to flush buffer. No buffer to flush in scripts/upload-variant-icons-bulk-live.php on line 178.
UPDATED: Book Welder / Fabricator / Book Welder / Fabricator — Book for half day (4 hours) -> service/book-a-welder/2026-07-24-6a6341d10d504.webp
   ERROR  ob_flush(): Failed to flush buffer. No buffer to flush in scripts/upload-variant-icons-bulk-live.php on line 178.
UPDATED: Book Welder / Fabricator / Book Welder / Fabricator — Book for full day (8 hours) -> service/book-a-welder/2026-07-24-6a6341d66688d.webp
   ERROR  ob_flush(): Failed to flush buffer. No buffer to flush in scripts/upload-variant-icons-bulk-live.php on line 178.
UPDATED: Book Gardener / Book Gardener — Book for 1 hour -> service/book-a-gardener/2026-07-24-6a6341db41fc9.webp
   ERROR  ob_flush(): Failed to flush buffer. No buffer to flush in scripts/upload-variant-icons-bulk-live.php on line 178.
UPDATED: Book Gardener / Book Gardener — Book for half day (4 hours) -> service/book-a-gardener/2026-07-24-6a6341e0477eb.webp
   ERROR  ob_flush(): Failed to flush buffer. No buffer to flush in scripts/upload-variant-icons-bulk-live.php on line 178.
UPDATED: Book Gardener / Book Gardener — Book for full day (8 hours) -> service/book-a-gardener/2026-07-24-6a6341e508f37.webp
   ERROR  ob_flush(): Failed to flush buffer. No buffer to flush in scripts/upload-variant-icons-bulk-live.php on line 178.
UPDATED: Book Cleaner / Book Cleaner — Book for 1 hour -> service/book-a-cleaner/2026-07-24-6a6341e9aa674.webp
   ERROR  ob_flush(): Failed to flush buffer. No buffer to flush in scripts/upload-variant-icons-bulk-live.php on line 178.
UPDATED: Book Cleaner / Book Cleaner — Book for half day (4 hours) -> service/book-a-cleaner/2026-07-24-6a6341eeeecc6.webp
   ERROR  ob_flush(): Failed to flush buffer. No buffer to flush in scripts/upload-variant-icons-bulk-live.php on line 178.
UPDATED: Book Cleaner / Book Cleaner — Book for full day (8 hours) -> service/book-a-cleaner/2026-07-24-6a6341f4059f8.webp
   ERROR  ob_flush(): Failed to flush buffer. No buffer to flush in scripts/upload-variant-icons-bulk-live.php on line 178.
UPDATED: Book Makeup Artist / Book Makeup Artist — Book for 1 hour -> service/book-makeup-artist/2026-07-24-6a6341f938d92.webp
   ERROR  ob_flush(): Failed to flush buffer. No buffer to flush in scripts/upload-variant-icons-bulk-live.php on line 178.
UPDATED: Book Makeup Artist / Book Makeup Artist — Book for half day (4 hours) -> service/book-makeup-artist/2026-07-24-6a6341fde7172.webp
   ERROR  ob_flush(): Failed to flush buffer. No buffer to flush in scripts/upload-variant-icons-bulk-live.php on line 178.
UPDATED: Book Makeup Artist / Book Makeup Artist — Book for full day (8 hours) -> service/book-makeup-artist/2026-07-24-6a634202a9e38.webp
   ERROR  ob_flush(): Failed to flush buffer. No buffer to flush in scripts/upload-variant-icons-bulk-live.php on line 178.
UPDATED: Book Mehndi Artist / Book Mehndi Artist — Book for 1 hour -> service/book-mehndi-artist/2026-07-24-6a634207a155d.webp
   ERROR  ob_flush(): Failed to flush buffer. No buffer to flush in scripts/upload-variant-icons-bulk-live.php on line 178.
UPDATED: Book Mehndi Artist / Book Mehndi Artist — Book for half day (4 hours) -> service/book-mehndi-artist/2026-07-24-6a63420d37e13.webp
   ERROR  ob_flush(): Failed to flush buffer. No buffer to flush in scripts/upload-variant-icons-bulk-live.php on line 178.
UPDATED: Book Mehndi Artist / Book Mehndi Artist — Book for full day (8 hours) -> service/book-mehndi-artist/2026-07-24-6a6342121f5cc.webp
   ERROR  ob_flush(): Failed to flush buffer. No buffer to flush in scripts/upload-variant-icons-bulk-live.php on line 178.
UPDATED: Bathroom Cleaning / Standard — Upto 20 sq ft -> service/bathroom-cleaning/2026-07-24-6a6342172fdd0.webp
   ERROR  ob_flush(): Failed to flush buffer. No buffer to flush in scripts/upload-variant-icons-bulk-live.php on line 178.
UPDATED: Bathroom Cleaning / Intense — Upto 20 sq ft -> service/bathroom-cleaning/2026-07-24-6a63421c16ade.webp
   ERROR  ob_flush(): Failed to flush buffer. No buffer to flush in scripts/upload-variant-icons-bulk-live.php on line 178.
UPDATED: Bathroom Cleaning / Standard — Upto 50 sq ft -> service/bathroom-cleaning/2026-07-24-6a634220a91f0.webp
   ERROR  ob_flush(): Failed to flush buffer. No buffer to flush in scripts/upload-variant-icons-bulk-live.php on line 178.
UPDATED: Bathroom Cleaning / Intense — Upto 50 sq ft -> service/bathroom-cleaning/2026-07-24-6a6342257e97b.webp
   ERROR  ob_flush(): Failed to flush buffer. No buffer to flush in scripts/upload-variant-icons-bulk-live.php on line 178.
UPDATED: Room Cleaning / Home — Unfurnished -> service/room-cleaning/2026-07-24-6a63422c02c4e.webp
   ERROR  ob_flush(): Failed to flush buffer. No buffer to flush in scripts/upload-variant-icons-bulk-live.php on line 178.
UPDATED: Room Cleaning / Home — Furnished -> service/room-cleaning/2026-07-24-6a634231d4681.webp
   ERROR  ob_flush(): Failed to flush buffer. No buffer to flush in scripts/upload-variant-icons-bulk-live.php on line 178.
UPDATED: Kitchen Cleaning / Home — Standard -> service/kitchen-cleaning/2026-07-24-6a63423718b26.webp
   ERROR  ob_flush(): Failed to flush buffer. No buffer to flush in scripts/upload-variant-icons-bulk-live.php on line 178.
UPDATED: Kitchen Cleaning / Home — Intense -> service/kitchen-cleaning/2026-07-24-6a63423c2501c.webp
   ERROR  ob_flush(): Failed to flush buffer. No buffer to flush in scripts/upload-variant-icons-bulk-live.php on line 178.
UPDATED: Shop Cleaning / Shop — Upto 200 sq ft -> service/shop-cleaning/2026-07-24-6a634240f23ab.webp
   ERROR  ob_flush(): Failed to flush buffer. No buffer to flush in scripts/upload-variant-icons-bulk-live.php on line 178.
UPDATED: Shop Cleaning / Shop — Upto 500 sq ft -> service/shop-cleaning/2026-07-24-6a6342460486b.webp
   ERROR  ob_flush(): Failed to flush buffer. No buffer to flush in scripts/upload-variant-icons-bulk-live.php on line 178.
UPDATED: Pantry Cleaning / Office — Standard -> service/pantry-cleaning/2026-07-24-6a63424b104d1.webp
   ERROR  ob_flush(): Failed to flush buffer. No buffer to flush in scripts/upload-variant-icons-bulk-live.php on line 178.
UPDATED: Pantry Cleaning / Office — Intense -> service/pantry-cleaning/2026-07-24-6a63424fc83bd.webp
   ERROR  ob_flush(): Failed to flush buffer. No buffer to flush in scripts/upload-variant-icons-bulk-live.php on line 178.
UPDATED: Restaurant Kitchen Cleaning / Restaurant — Standard -> service/restaurant-kitchen-cleaning/2026-07-24-6a634254a5a2c.webp
   ERROR  ob_flush(): Failed to flush buffer. No buffer to flush in scripts/upload-variant-icons-bulk-live.php on line 178.
UPDATED: Restaurant Kitchen Cleaning / Restaurant — Intense -> service/restaurant-kitchen-cleaning/2026-07-24-6a6342599b7d9.webp
   ERROR  ob_flush(): Failed to flush buffer. No buffer to flush in scripts/upload-variant-icons-bulk-live.php on line 178.
UPDATED: Windows Cleaning / Glass doors & windows -> service/windows-cleaning/2026-07-24-6a63425da620f.webp
   ERROR  ob_flush(): Failed to flush buffer. No buffer to flush in scripts/upload-variant-icons-bulk-live.php on line 178.
UPDATED: Windows Cleaning / Windows with net & glass doors -> service/windows-cleaning/2026-07-24-6a63426283200.webp
   ERROR  ob_flush(): Failed to flush buffer. No buffer to flush in scripts/upload-variant-icons-bulk-live.php on line 178.
UPDATED: Floor Cleaning / Tile/Marble — Mopping upto 500 sq ft -> service/floor-cleaning/2026-07-24-6a63426726ed6.webp
   ERROR  ob_flush(): Failed to flush buffer. No buffer to flush in scripts/upload-variant-icons-bulk-live.php on line 178.
UPDATED: Floor Cleaning / Tile/Marble — Deep scrub upto 500 sq ft -> service/floor-cleaning/2026-07-24-6a63426dd1248.webp
   ERROR  ob_flush(): Failed to flush buffer. No buffer to flush in scripts/upload-variant-icons-bulk-live.php on line 178.
UPDATED: Carpet cleaning / Upto 10 sq ft -> service/carpet-cleaning/2026-07-24-6a634272804d7.webp
   ERROR  ob_flush(): Failed to flush buffer. No buffer to flush in scripts/upload-variant-icons-bulk-live.php on line 178.
UPDATED: Carpet cleaning / Upto 50 sq ft -> service/carpet-cleaning/2026-07-24-6a634277a742e.webp
   ERROR  ob_flush(): Failed to flush buffer. No buffer to flush in scripts/upload-variant-icons-bulk-live.php on line 178.
UPDATED: Carpet cleaning / Upto 100 sq ft -> service/carpet-cleaning/2026-07-24-6a63427d1def6.webp
   ERROR  ob_flush(): Failed to flush buffer. No buffer to flush in scripts/upload-variant-icons-bulk-live.php on line 178.
UPDATED: Sofa Cleaning / Leather — 5 Seater -> service/sofa-cleaning/2026-07-24-6a6342825f2fb.webp
   ERROR  ob_flush(): Failed to flush buffer. No buffer to flush in scripts/upload-variant-icons-bulk-live.php on line 178.
UPDATED: Sofa Cleaning / Leather — 7 Seater -> service/sofa-cleaning/2026-07-24-6a6342879205c.webp
   ERROR  ob_flush(): Failed to flush buffer. No buffer to flush in scripts/upload-variant-icons-bulk-live.php on line 178.
UPDATED: Sofa Cleaning / Fabric — 5 Seater -> service/sofa-cleaning/2026-07-24-6a63428c4d55c.webp
   ERROR  ob_flush(): Failed to flush buffer. No buffer to flush in scripts/upload-variant-icons-bulk-live.php on line 178.
UPDATED: Sofa Cleaning / Fabric — 7 Seater -> service/sofa-cleaning/2026-07-24-6a63429171731.webp
   ERROR  ob_flush(): Failed to flush buffer. No buffer to flush in scripts/upload-variant-icons-bulk-live.php on line 178.
UPDATED: Office Chair Cleaning / Executive chair -> service/office-chair-cleaning/2026-07-24-6a6342977ca6a.webp
   ERROR  ob_flush(): Failed to flush buffer. No buffer to flush in scripts/upload-variant-icons-bulk-live.php on line 178.
UPDATED: Office Chair Cleaning / Visitor / workstation chair -> service/office-chair-cleaning/2026-07-24-6a63429d41a8b.webp
   ERROR  ob_flush(): Failed to flush buffer. No buffer to flush in scripts/upload-variant-icons-bulk-live.php on line 178.
UPDATED: Mattress Cleaning / Double mattress -> service/mattress-cleaning/2026-07-24-6a6342a2c22b1.webp
   ERROR  ob_flush(): Failed to flush buffer. No buffer to flush in scripts/upload-variant-icons-bulk-live.php on line 178.
UPDATED: Mattress Cleaning / Single mattress -> service/mattress-cleaning/2026-07-24-6a6342a7b534a.webp
   ERROR  ob_flush(): Failed to flush buffer. No buffer to flush in scripts/upload-variant-icons-bulk-live.php on line 178.
UPDATED: Fan Cleaning / Table / pedestal fan -> service/fan-cleaning/2026-07-24-6a6342ac7d528.webp
   ERROR  ob_flush(): Failed to flush buffer. No buffer to flush in scripts/upload-variant-icons-bulk-live.php on line 178.
UPDATED: Fan Cleaning / Ceiling fan -> service/fan-cleaning/2026-07-24-6a6342b1799e2.webp
   ERROR  ob_flush(): Failed to flush buffer. No buffer to flush in scripts/upload-variant-icons-bulk-live.php on line 178.
UPDATED: Fridge Cleaning / Standard -> service/fridge-cleaning/2026-07-24-6a6342b7146b9.webp
   ERROR  ob_flush(): Failed to flush buffer. No buffer to flush in scripts/upload-variant-icons-bulk-live.php on line 178.
UPDATED: Fridge Cleaning / Intense -> service/fridge-cleaning/2026-07-24-6a6342bd3a08f.webp
   ERROR  ob_flush(): Failed to flush buffer. No buffer to flush in scripts/upload-variant-icons-bulk-live.php on line 178.
UPDATED: Oven / Microwave Cleaning / Standard -> service/oven-microwave-cleaning/2026-07-24-6a6342c2309ef.webp
   ERROR  ob_flush(): Failed to flush buffer. No buffer to flush in scripts/upload-variant-icons-bulk-live.php on line 178.
UPDATED: Oven / Microwave Cleaning / Intense -> service/oven-microwave-cleaning/2026-07-24-6a6342c758240.webp
   ERROR  ob_flush(): Failed to flush buffer. No buffer to flush in scripts/upload-variant-icons-bulk-live.php on line 178.
UPDATED: Chimney Cleaning / Standard -> service/chimney-cleaning/2026-07-24-6a6342cca11a7.webp
   ERROR  ob_flush(): Failed to flush buffer. No buffer to flush in scripts/upload-variant-icons-bulk-live.php on line 178.
UPDATED: Chimney Cleaning / Intense -> service/chimney-cleaning/2026-07-24-6a6342d233540.webp
   ERROR  ob_flush(): Failed to flush buffer. No buffer to flush in scripts/upload-variant-icons-bulk-live.php on line 178.
UPDATED: Water Tank Cleaning / 500 ltr -> service/water-tank-cleaning/2026-07-24-6a6342d797838.webp
   ERROR  ob_flush(): Failed to flush buffer. No buffer to flush in scripts/upload-variant-icons-bulk-live.php on line 178.
UPDATED: Water Tank Cleaning / 1000 ltr -> service/water-tank-cleaning/2026-07-24-6a6342dd561df.webp
   ERROR  ob_flush(): Failed to flush buffer. No buffer to flush in scripts/upload-variant-icons-bulk-live.php on line 178.
UPDATED: Post-Construction Cleaning / Home — upto 1000 sq ft -> service/post-construction-cleaning-service/2026-07-24-6a6342e315aa6.webp
   ERROR  ob_flush(): Failed to flush buffer. No buffer to flush in scripts/upload-variant-icons-bulk-live.php on line 178.
UPDATED: Post-Construction Cleaning / Home — upto 5000 sq ft -> service/post-construction-cleaning-service/2026-07-24-6a6342e983f7f.webp
   ERROR  ob_flush(): Failed to flush buffer. No buffer to flush in scripts/upload-variant-icons-bulk-live.php on line 178.
UPDATED: Post-Construction Cleaning / Office / Shop — upto 1000 sq ft -> service/post-construction-cleaning-service/2026-07-24-6a6342eece311.webp
   ERROR  ob_flush(): Failed to flush buffer. No buffer to flush in scripts/upload-variant-icons-bulk-live.php on line 178.
UPDATED: Post-Construction Cleaning / Hotel / Restaurant / Clinic — upto 1000 sq ft -> service/post-construction-cleaning-service/2026-07-24-6a6342f49dffc.webp
   ERROR  ob_flush(): Failed to flush buffer. No buffer to flush in scripts/upload-variant-icons-bulk-live.php on line 178.
UPDATED: Post-Construction Cleaning / Book on Site Inspection -> service/post-construction-cleaning-service/2026-07-24-6a6342fa362ab.webp
   ERROR  ob_flush(): Failed to flush buffer. No buffer to flush in scripts/upload-variant-icons-bulk-live.php on line 178.
UPDATED: Clothing Laundry / Wash & Fold (Per Kg) -> service/clothing-laundry/2026-07-24-6a6342ff5d678.webp
   ERROR  ob_flush(): Failed to flush buffer. No buffer to flush in scripts/upload-variant-icons-bulk-live.php on line 178.
UPDATED: Clothing Laundry / Wash & Iron (Per Kg) -> service/clothing-laundry/2026-07-24-6a634304ea672.webp
   ERROR  ob_flush(): Failed to flush buffer. No buffer to flush in scripts/upload-variant-icons-bulk-live.php on line 178.
UPDATED: Home Linen Laundry / Bedsheet (Single) -> service/home-linen-laundry/2026-07-24-6a63430a829c5.webp
   ERROR  ob_flush(): Failed to flush buffer. No buffer to flush in scripts/upload-variant-icons-bulk-live.php on line 178.
UPDATED: Home Linen Laundry / Bedsheet (Double) -> service/home-linen-laundry/2026-07-24-6a63430fd9007.webp
   ERROR  ob_flush(): Failed to flush buffer. No buffer to flush in scripts/upload-variant-icons-bulk-live.php on line 178.
UPDATED: Home Linen Laundry / Blanket (Single) -> service/home-linen-laundry/2026-07-24-6a6343152d698.webp
   ERROR  ob_flush(): Failed to flush buffer. No buffer to flush in scripts/upload-variant-icons-bulk-live.php on line 178.
UPDATED: Home Linen Laundry / Blanket (Double) -> service/home-linen-laundry/2026-07-24-6a63431a2d830.webp
   ERROR  ob_flush(): Failed to flush buffer. No buffer to flush in scripts/upload-variant-icons-bulk-live.php on line 178.
UPDATED: Home Linen Laundry / Comforter / Quilt (Single) -> service/home-linen-laundry/2026-07-24-6a63431f4381e.webp
   ERROR  ob_flush(): Failed to flush buffer. No buffer to flush in scripts/upload-variant-icons-bulk-live.php on line 178.
UPDATED: Home Linen Laundry / Comforter / Quilt (Double) -> service/home-linen-laundry/2026-07-24-6a634324307f2.webp
   ERROR  ob_flush(): Failed to flush buffer. No buffer to flush in scripts/upload-variant-icons-bulk-live.php on line 178.
UPDATED: Home Linen Laundry / Curtain -> service/home-linen-laundry/2026-07-24-6a63432961624.webp
   ERROR  ob_flush(): Failed to flush buffer. No buffer to flush in scripts/upload-variant-icons-bulk-live.php on line 178.
UPDATED: Home Linen Laundry / Pillow Cover -> service/home-linen-laundry/2026-07-24-6a63432eb0f95.webp
   ERROR  ob_flush(): Failed to flush buffer. No buffer to flush in scripts/upload-variant-icons-bulk-live.php on line 178.
UPDATED: Home Linen Laundry / Towel (Small) -> service/home-linen-laundry/2026-07-24-6a63433383261.webp
   ERROR  ob_flush(): Failed to flush buffer. No buffer to flush in scripts/upload-variant-icons-bulk-live.php on line 178.
UPDATED: Home Linen Laundry / Towel (Large) -> service/home-linen-laundry/2026-07-24-6a6343382b6e6.webp
   ERROR  ob_flush(): Failed to flush buffer. No buffer to flush in scripts/upload-variant-icons-bulk-live.php on line 178.
UPDATED: Shoe Cleaning / Sneakers -> service/shoe-cleaning/2026-07-24-6a63433cbe354.webp
   ERROR  ob_flush(): Failed to flush buffer. No buffer to flush in scripts/upload-variant-icons-bulk-live.php on line 178.
UPDATED: Shoe Cleaning / Leather Shoes -> service/shoe-cleaning/2026-07-24-6a634340a26dc.webp
   ERROR  ob_flush(): Failed to flush buffer. No buffer to flush in scripts/upload-variant-icons-bulk-live.php on line 178.
