Uploading 29 variant icons
Storage prefix: prod
UPDATED: Bathroom & Kitchen Painting / Book Site Inspection -> service/bathroom-kitchen-painting/2026-07-24-6a6365cf4b7cb.webp
UPDATED: Boundary Wall Painting / Book Site Inspection -> service/boundary-wall-painting/2026-07-24-6a6365d5c36d3.webp
UPDATED: Building Painting / Book Site Inspection -> service/building-painting/2026-07-24-6a6365d9a92ce.webp
UPDATED: Ceiling & Trim Painting / Book Site Inspection -> service/ceiling-trim-painting/2026-07-24-6a6365dd6cdef.webp
UPDATED: Ceiling Painting / Book Site Inspection -> service/ceiling-painting/2026-07-24-6a6365e0e525a.webp
UPDATED: Door Painting / Book Site Inspection -> service/door-painting/2026-07-24-6a6365e4a0047.webp
UPDATED: Exterior Door & Gate Painting / Book Site Inspection -> service/exterior-door-gate-painting/2026-07-24-6a6365e87271f.webp
UPDATED: Exterior Primer Application / Book Site Inspection -> service/exterior-primer-application/2026-07-24-6a6365ed4cce8.webp
UPDATED: Exterior Texture Painting / Book Site Inspection -> service/exterior-texture-painting/2026-07-24-6a6365f0c6719.webp
UPDATED: Exterior Touch-up & Patch Painting / Book Site Inspection -> service/exterior-touch-up-patch-painting/2026-07-24-6a6365f49997e.webp
UPDATED: Exterior Wall Painting / Book Site Inspection -> service/exterior-wall-painting/2026-07-24-6a6365f875883.webp
UPDATED: Exterior Wall Putty & Crack Repair / Book Site Inspection -> service/exterior-wall-putty-crack-repair/2026-07-24-6a6365fc3ce00.webp
UPDATED: Exterior Window & Grille Painting / Book Site Inspection -> service/exterior-window-grille-painting/2026-07-24-6a63660099cf9.webp
UPDATED: Full House Exterior Painting / Book Site Inspection -> service/full-house-exterior-painting/2026-07-24-6a6366047fe1c.webp
UPDATED: Full House Interior Painting / Book Site Inspection -> service/full-house-interior-painting/2026-07-24-6a6366081724f.webp
UPDATED: Full Room Painting / Book Site Inspection -> service/full-room-painting/2026-07-24-6a63660bd1326.webp
UPDATED: Interior Crack Filling & Repair / Book Site Inspection -> service/interior-crack-filling-repair/2026-07-24-6a63660fb4a5e.webp
UPDATED: Interior Painting Consultation / Book Site Inspection -> service/interior-painting-consultation/2026-07-24-6a6366134b56e.webp
UPDATED: Interior Touch-up & Patch Painting / Book Site Inspection -> service/interior-touch-up-patch-painting/2026-07-24-6a636616f2337.webp
UPDATED: Old Paint Removal & Surface Scraping / Book Site Inspection -> service/old-paint-removal-scraping/2026-07-24-6a63661a85abb.webp
UPDATED: POP False Ceiling Painting / Book Site Inspection -> service/pop-false-ceiling-painting/2026-07-24-6a63661e0f1ba.webp
UPDATED: Primer Application / Book Site Inspection -> service/primer-application/2026-07-24-6a636621a1924.webp
UPDATED: Single Wall Accent Painting / Book Site Inspection -> service/single-wall-accent-painting/2026-07-24-6a636626110f0.webp
UPDATED: Stain & Damp Spot Treatment / Book Site Inspection -> service/stain-damp-spot-treatment/2026-07-24-6a636629f2c9f.webp
UPDATED: Texture Wall Painting / Book Site Inspection -> service/texture-wall-painting/2026-07-24-6a63662e8137f.webp
UPDATED: Wall Putty Application / Book Site Inspection -> service/wall-putty-application/2026-07-24-6a6366330d860.webp
UPDATED: Wardrobe & Almirah Painting / Book Site Inspection -> service/wardrobe-almirah-painting/2026-07-24-6a6366370fcd5.webp
UPDATED: Waterproof Weather Shield Coating / Book Site Inspection -> service/waterproof-weather-shield-coating/2026-07-24-6a63663acdf19.webp
UPDATED: Window painting / Book Site Inspection -> service/window-painting/2026-07-24-6a63663e7fdd0.webp

Done. Updated: 29, Skipped: 0, Errors: 0
