Uploading 220 variant icons
Storage prefix: prod
UPDATED: Masonry Boundary Install / Book Inspection -> service/masonry-boundary-install/2026-07-24-6a635e4730d0a.webp
UPDATED: Masonry Boundary Repair / Book Inspection -> service/masonry-boundary-repair/2026-07-24-6a635e4b18a44.webp
UPDATED: Masonry Brick Install / Book Inspection -> service/masonry-brick-install/2026-07-24-6a635e4ebb7ee.webp
UPDATED: Masonry Crack Repair / Book Inspection -> service/masonry-crack-repair/2026-07-24-6a635e5261574.webp
UPDATED: Masonry Damp Repair / Book Inspection -> service/masonry-damp-repair/2026-07-24-6a635e565f640.webp
UPDATED: Masonry Full Bathroom Setup / Book Inspection -> service/masonry-full-bathroom-setup/2026-07-24-6a635e5a00d3e.webp
UPDATED: Masonry Marble Install / Book Inspection -> service/masonry-marble-install/2026-07-24-6a635e5da601d.webp
UPDATED: Masonry Marble Repair / Book Inspection -> service/masonry-marble-repair/2026-07-24-6a635e61a5ade.webp
UPDATED: Masonry Plaster Install / Book Inspection -> service/masonry-plaster-install/2026-07-24-6a635e65488df.webp
UPDATED: Masonry Plaster Repair / Book Inspection -> service/masonry-plaster-repair/2026-07-24-6a635e68efd89.webp
UPDATED: Masonry Pre-Work Check / Before Renovation Check -> service/masonry-pre-work-check/2026-07-24-6a635e6ca49c0.webp
UPDATED: Masonry Safety Check / Full Home Masonry Check -> service/masonry-safety-check/2026-07-24-6a635e7058cb8.webp
UPDATED: Masonry Site Check / Crack Check -> service/masonry-site-check/2026-07-24-6a635e74038a7.webp
UPDATED: Masonry Site Check / Damp Check -> service/masonry-site-check/2026-07-24-6a635e77e2413.webp
UPDATED: Masonry Site Check / Unknown Problem -> service/masonry-site-check/2026-07-24-6a635e7be5a3c.webp
UPDATED: Masonry Stair Install / Book Inspection -> service/masonry-stair-install/2026-07-24-6a635e7fd09d3.webp
UPDATED: Masonry Stair Repair / Book Inspection -> service/masonry-stair-repair/2026-07-24-6a635e83a41cd.webp
UPDATED: Masonry Stone Install / Book Inspection -> service/masonry-stone-install/2026-07-24-6a635e875ee64.webp
UPDATED: Masonry Tile Install / Book Inspection -> service/masonry-tile-install/2026-07-24-6a635e8b1f3fa.webp
UPDATED: Masonry Tile Repair / Book Inspection -> service/masonry-tile-repair/2026-07-24-6a635e8f1104f.webp
UPDATED: Masonry Waterproof Install / Book Inspection -> service/masonry-waterproof-install/2026-07-24-6a635e9300fc7.webp
UPDATED: AC Installation / Split AC -> service/ac-installation/2026-07-24-6a635e969878e.webp
UPDATED: AC Installation / Window AC -> service/ac-installation/2026-07-24-6a635e9a90e31.webp
UPDATED: AC Repair / Book Site Inspection -> service/ac-repair/2026-07-24-6a635e9e2ecc2.webp
UPDATED: AC Repair / Less/no cooling -> service/ac-repair/2026-07-24-6a635ea1da5e8.webp
UPDATED: AC Repair / Power issue -> service/ac-repair/2026-07-24-6a635ea5785ae.webp
UPDATED: AC Repair / Unwanted noise/smell -> service/ac-repair/2026-07-24-6a635ea93e121.webp
UPDATED: AC Repair / Water leakage -> service/ac-repair/2026-07-24-6a635ead5db52.webp
UPDATED: AC Servicing / Foam-jet Servicing -> service/ac-servicing/2026-07-24-6a635eb16e139.webp
UPDATED: AC Servicing / General Servicing -> service/ac-servicing/2026-07-24-6a635eb56efb7.webp
UPDATED: AC Uninstallation / Split AC -> service/ac-uninstallation/2026-07-24-6a635eb9b2e02.webp
UPDATED: AC Uninstallation / Window AC -> service/ac-uninstallation/2026-07-24-6a635ebd6c855.webp
UPDATED: Air Cooler Repair / Book Site Inspection -> service/air-cooler-repair/2026-07-24-6a635ec10f7a0.webp
UPDATED: CCTV Installation / Book Site Inspection -> service/cctv-installation/2026-07-24-6a635ec4bab3e.webp
UPDATED: cctv repair / Book Site Inspection -> service/cctv-repair/2026-07-24-6a635ec8825fb.webp
UPDATED: Chimney Installation / Chimney Installation -> service/chimney-installation/2026-07-24-6a635ecc7e00d.webp
UPDATED: Chimney Repair / Book Site Inspection -> service/chimney-repair/2026-07-24-6a635ed0ae0e1.webp
UPDATED: Chimney Repair / Light issue -> service/chimney-repair/2026-07-24-6a635ed4792d3.webp
UPDATED: Chimney Repair / No suction -> service/chimney-repair/2026-07-24-6a635ed82aa6b.webp
UPDATED: Chimney Repair / Noise -> service/chimney-repair/2026-07-24-6a635edbc2273.webp
UPDATED: Dishwasher Installation / Dishwasher Installation -> service/dishwasher-installation/2026-07-24-6a635edf75f7b.webp
UPDATED: Dishwasher Repair / Book Site Inspection -> service/dishwasher-repair/2026-07-24-6a635ee337bfa.webp
UPDATED: Fan Repair / Book Site Inspection -> service/fan-repair/2026-07-24-6a635ee77c306.webp
UPDATED: Fan Repair / Ceiling fan -> service/fan-repair/2026-07-24-6a635eeb434ca.webp
UPDATED: Fan Repair / Pedestal/Table fan -> service/fan-repair/2026-07-24-6a635ef25e1a3.webp
UPDATED: Gas refill & check-up / Gas Refill & Check-up -> service/gas-refill-check-up/2026-07-24-6a635ef613561.webp
UPDATED: Gas refill & leak fix / Gas Refill & Leak Fix -> service/gas-refill-leak-fix/2026-07-24-6a635ef9b90ff.webp
UPDATED: Geyser Cleaning / Geyser Cleaning -> service/geyser-cleaning/2026-07-24-6a635efd6ee35.webp
UPDATED: Geyser Installation / Instant Geyser -> service/geyser-installation/2026-07-24-6a635f0125bec.webp
UPDATED: Geyser Installation / Storage Geyser -> service/geyser-installation/2026-07-24-6a635f04e9bb3.webp
UPDATED: Geyser Repair / Book Site Inspection -> service/geyser-repair/2026-07-24-6a635f09337b1.webp
UPDATED: Geyser Repair / Connection leak -> service/geyser-repair/2026-07-24-6a635f0d21b5e.webp
UPDATED: Geyser Repair / Heating element issue -> service/geyser-repair/2026-07-24-6a635f10d51fb.webp
UPDATED: Geyser Repair / Leakage -> service/geyser-repair/2026-07-24-6a635f14d4603.webp
UPDATED: Geyser Repair / No heating -> service/geyser-repair/2026-07-24-6a635f18d454b.webp
UPDATED: Geyser Repair / Thermostat issue -> service/geyser-repair/2026-07-24-6a635f1cb8f68.webp
UPDATED: Geyser Uninstallation / Geyser Uninstallation -> service/geyser-uninstallation/2026-07-24-6a635f20af10f.webp
UPDATED: Hob Installation / Hob Installation -> service/hob-installation/2026-07-24-6a635f24c4f8e.webp
UPDATED: Hob Repair / Book Site Inspection -> service/hob-repair/2026-07-24-6a635f2897173.webp
UPDATED: Induction Heater Repair / Book Site Inspection -> service/induction-heater-repair/2026-07-24-6a635f2c5a7be.webp
UPDATED: Inverter Repair / Book Site Inspection -> service/inverter-repair/2026-07-24-6a635f3045bee.webp
UPDATED: Inverter Servicing / Inverter Servicing -> service/inverter-servicing/2026-07-24-6a635f344fc65.webp
UPDATED: Inverter Uninstallation / Inverter Uninstallation -> service/inverter-uninstallation/2026-07-24-6a635f3869527.webp
UPDATED: Inverter Installation / Double Battery -> service/inverter-installation/2026-07-24-6a635f3c40f8a.webp
UPDATED: Inverter Installation / Single Battery -> service/inverter-installation/2026-07-24-6a635f3fe8e43.webp
UPDATED: Microwave Repair / Book Site Inspection -> service/microwave-repair/2026-07-24-6a635f43a6f25.webp
UPDATED: Microwave Repair / Display issue -> service/microwave-repair/2026-07-24-6a635f47619e9.webp
UPDATED: Microwave Repair / No heating -> service/microwave-repair/2026-07-24-6a635f4b156cc.webp
UPDATED: Microwave Repair / Turntable issue -> service/microwave-repair/2026-07-24-6a635f4ed7416.webp
UPDATED: Mixer Grinder Repair / Book Site Inspection -> service/mixer-grinder-repair/2026-07-24-6a635f5290892.webp
UPDATED: Oven / OTG Repair / Book Site Inspection -> service/oven-otg-repair/2026-07-24-6a635f57b1093.webp
UPDATED: Refrigerator Installation / Double Door -> service/refrigerator-installation/2026-07-24-6a635f5bb2c10.webp
UPDATED: Refrigerator Installation / French Door -> service/refrigerator-installation/2026-07-24-6a635f5f6ae6e.webp
UPDATED: Refrigerator Installation / Side by Side -> service/refrigerator-installation/2026-07-24-6a635f63431c3.webp
UPDATED: Refrigerator Installation / Single Door -> service/refrigerator-installation/2026-07-24-6a635f670639e.webp
UPDATED: Refrigerator Repair / Book Site Inspection -> service/refrigerator-repair/2026-07-24-6a635f6a93f9a.webp
UPDATED: Refrigerator Repair / Cooling issue -> service/refrigerator-repair/2026-07-24-6a635f6e86226.webp
UPDATED: Refrigerator Repair / Leak -> service/refrigerator-repair/2026-07-24-6a635f7254045.webp
UPDATED: Refrigerator Repair / Noise -> service/refrigerator-repair/2026-07-24-6a635f7612f26.webp
UPDATED: Refrigerator Repair / Power issue -> service/refrigerator-repair/2026-07-24-6a635f79d4c9c.webp
UPDATED: Refrigerator Repair / Thermostat issue -> service/refrigerator-repair/2026-07-24-6a635f7db1955.webp
UPDATED: RO Installation / RO Installation -> service/ro-installation/2026-07-24-6a635f81bec24.webp
UPDATED: RO service / Book Site Inspection -> service/ro-service/2026-07-24-6a635f85dffb9.webp
UPDATED: RO service / Filter replacement -> service/ro-service/2026-07-24-6a635f89e052b.webp
UPDATED: RO service / Leakage -> service/ro-service/2026-07-24-6a635f8dc755f.webp
UPDATED: RO service / Low water output -> service/ro-service/2026-07-24-6a635f91aacbd.webp
UPDATED: RO service / No power -> service/ro-service/2026-07-24-6a635f95778b7.webp
UPDATED: Room Heater Repair / Book Site Inspection -> service/room-heater-repair/2026-07-24-6a635f992f7d7.webp
UPDATED: TV Installation / 32 to 43 inch -> service/tv-installation/2026-07-24-6a635f9d478ba.webp
UPDATED: TV Installation / 46 to 55 inch -> service/tv-installation/2026-07-24-6a635fa139979.webp
UPDATED: TV Installation / 56 to 65 inch -> service/tv-installation/2026-07-24-6a635fa52f211.webp
UPDATED: TV Installation / Over 75 inch -> service/tv-installation/2026-07-24-6a635fa93bcf4.webp
UPDATED: TV Installation / Up to 30 inch -> service/tv-installation/2026-07-24-6a635fad072fd.webp
UPDATED: TV Repair / Book Site Inspection -> service/tv-repair/2026-07-24-6a635fb11b1c5.webp
UPDATED: TV Repair / Display issue -> service/tv-repair/2026-07-24-6a635fb4d1279.webp
UPDATED: TV Repair / Power issue -> service/tv-repair/2026-07-24-6a635fb8ed0d2.webp
UPDATED: TV Repair / Sound issue -> service/tv-repair/2026-07-24-6a635fbcc732a.webp
UPDATED: TV Uninstallation / 46 to 55 inch -> service/tv-uninstallation/2026-07-24-6a635fc0cc6a2.webp
UPDATED: TV Uninstallation / Over 65 inch -> service/tv-uninstallation/2026-07-24-6a635fc51f069.webp
UPDATED: TV Uninstallation / Up to 46 inch -> service/tv-uninstallation/2026-07-24-6a635fc93a165.webp
UPDATED: Vacuum Cleaner Repair / Book Site Inspection -> service/vacuum-cleaner-repair/2026-07-24-6a635fcfb5e3c.webp
UPDATED: Washing Machine Installation / Front Load -> service/washing-machine-installation/2026-07-24-6a635fd3cb5ed.webp
UPDATED: Washing Machine Installation / Semi-automatic -> service/washing-machine-installation/2026-07-24-6a635fd83450e.webp
UPDATED: Washing Machine Installation / Top Load -> service/washing-machine-installation/2026-07-24-6a635fdc5f6c3.webp
UPDATED: Washing Machine Repair / Book Site Inspection -> service/washing-machine-repair/2026-07-24-6a635fe0dcb9a.webp
UPDATED: Washing Machine Repair / Display error -> service/washing-machine-repair/2026-07-24-6a635fe56788b.webp
UPDATED: Washing Machine Repair / Drain issue -> service/washing-machine-repair/2026-07-24-6a635fe9dd49e.webp
UPDATED: Washing Machine Repair / Noise -> service/washing-machine-repair/2026-07-24-6a635feec89ac.webp
UPDATED: Washing Machine Repair / Not spinning/washing -> service/washing-machine-repair/2026-07-24-6a635ff328ca0.webp
UPDATED: Washing Machine Repair / Power issue -> service/washing-machine-repair/2026-07-24-6a635ff788fd0.webp
UPDATED: Washing Machine Repair / Water leakage -> service/washing-machine-repair/2026-07-24-6a635ffc13732.webp
UPDATED: Washing Machine Servicing / Descaling -> service/washing-machine-servicing/2026-07-24-6a6360007ab01.webp
UPDATED: Washing Machine Servicing / Front Load -> service/washing-machine-servicing/2026-07-24-6a6360045bf5b.webp
UPDATED: Washing Machine Servicing / Machine Cover -> service/washing-machine-servicing/2026-07-24-6a63600847830.webp
UPDATED: Washing Machine Servicing / Top Load -> service/washing-machine-servicing/2026-07-24-6a63600c075f5.webp
UPDATED: Washing Machine Uninstallation / Front Load -> service/washing-machine-uninstallation/2026-07-24-6a6360100b85b.webp
UPDATED: Washing Machine Uninstallation / Semi-automatic -> service/washing-machine-uninstallation/2026-07-24-6a636013b9a77.webp
UPDATED: Washing Machine Uninstallation / Top Load -> service/washing-machine-uninstallation/2026-07-24-6a6360180c746.webp
UPDATED: Bleaching Services / Fruit Bleach -> service/bleaching-services/2026-07-24-6a63601c56ad0.webp
UPDATED: Bleaching Services / Full Body Bleach -> service/bleaching-services/2026-07-24-6a636020f03af.webp
UPDATED: Bleaching Services / Hydrating Bleach -> service/bleaching-services/2026-07-24-6a636025370d3.webp
UPDATED: Bleaching Services / Korean Bleach -> service/bleaching-services/2026-07-24-6a63602962790.webp
UPDATED: Bleaching Services / O3 Bleach -> service/bleaching-services/2026-07-24-6a63602d60c97.webp
UPDATED: Bleaching Services / Oxy  Bleach -> service/bleaching-services/2026-07-24-6a636031b56eb.webp
UPDATED: Bleaching Services / Ozone DTan Bleach -> service/bleaching-services/2026-07-24-6a6360359ec5d.webp
UPDATED: Curls & waves / Hair Curling -> service/curls-waves/2026-07-24-6a63603a04d9d.webp
UPDATED: Cut, file & polish / Cut, File &  polish (feet) -> service/cut-file-polish/2026-07-24-6a63603e080e8.webp
UPDATED: Cut, file & polish / Cut, file & polish (hands) -> service/cut-file-polish/2026-07-24-6a636041ebc7d.webp
UPDATED: Essential Mani-Pedi Combo / Basic Mani  & Pedi -> service/essential-mani-pedi-combo/2026-07-24-6a636046014de.webp
UPDATED: Essential Mani-Pedi Combo / DTan Mani & Pedi -> service/essential-mani-pedi-combo/2026-07-24-6a636049d34bb.webp
UPDATED: Essential Mani-Pedi Combo / Fruit Mani &Pedi -> service/essential-mani-pedi-combo/2026-07-24-6a63604de929c.webp
UPDATED: Hair botox / Hair botox -> service/hair-botox/2026-07-24-6a63605198178.webp
UPDATED: Hair Cut & Styling / Hair Flicks -> service/hair-cut-styling/2026-07-24-6a6360558f9ac.webp
UPDATED: Hair Cut & Styling / Layered Cutting -> service/hair-cut-styling/2026-07-24-6a63605963653.webp
UPDATED: Hair Cut & Styling / Step  Cutting -> service/hair-cut-styling/2026-07-24-6a63605d4b61b.webp
UPDATED: Hair Cut & Styling / Temporary Hair straightening -> service/hair-cut-styling/2026-07-24-6a636061420dd.webp
UPDATED: Hair Cut & Styling / U-Cut Style -> service/hair-cut-styling/2026-07-24-6a6360650bb3e.webp
UPDATED: Hair Cut & Styling / V-Cut Style -> service/hair-cut-styling/2026-07-24-6a63606920c26.webp
UPDATED: Hair keratin / Hair keratin -> service/hair-keratin/2026-07-24-6a63606d5001f.webp
UPDATED: Hair keratin / Keratin Smoothening -> service/hair-keratin/2026-07-24-6a63607153e6f.webp
UPDATED: Hair keratin / Root TouchUp -> service/hair-keratin/2026-07-24-6a6360752ea2d.webp
UPDATED: Make your own package / Make your own package — Chin -> service/skin-facial-care-make-your-own-package/2026-07-24-6a636079196e6.webp
UPDATED: Make your own package / Make your own package — Eyebrows -> service/skin-facial-care-make-your-own-package/2026-07-24-6a63607ce5aa3.webp
UPDATED: Make your own package / Make your own package — Face -> service/skin-facial-care-make-your-own-package/2026-07-24-6a636080cbb3c.webp
UPDATED: Make your own package / Make your own package — Forehead -> service/skin-facial-care-make-your-own-package/2026-07-24-6a6360849cb4a.webp
UPDATED: Make your own package / Make your own package — Ice cream delight manicure -> service/skin-facial-care-make-your-own-package/2026-07-24-6a63608890b50.webp
UPDATED: Make your own package / Make your own package — Ice cream delight pedicure - with heel peel -> service/skin-facial-care-make-your-own-package/2026-07-24-6a63608c7a820.webp
UPDATED: Make your own package / Make your own package — Full body -> service/skin-facial-care-make-your-own-package/2026-07-24-6a63609083a2f.webp
UPDATED: Make your own package / Full Face Waxing -> service/skin-facial-care-make-your-own-package/2026-07-24-6a6360945d0cc.webp
UPDATED: Make your own package / Make your own package — Full legs -> service/skin-facial-care-make-your-own-package/2026-07-24-6a63609890941.webp
UPDATED: Make your own package / Make your own package — Head massage (20 mins) -> service/skin-facial-care-make-your-own-package/2026-07-24-6a63609c86fcf.webp
UPDATED: Make your own package / Make your own package — Henna mehendi application -> service/skin-facial-care-make-your-own-package/2026-07-24-6a6360a095a49.webp
UPDATED: Make your own package / Make your own package — Hair color application -> service/skin-facial-care-make-your-own-package/2026-07-24-6a6360a516003.webp
UPDATED: Make your own package / Make your own package — O3+ shine & glow facial -> service/skin-facial-care-make-your-own-package/2026-07-24-6a6360a8d6dc8.webp
UPDATED: Make your own package / Make your own package — Power glow cleanup -> service/skin-facial-care-make-your-own-package/2026-07-24-6a6360acf3b75.webp
UPDATED: Make your own package / Make your own package — Full arms -> service/skin-facial-care-make-your-own-package/2026-07-24-6a6360b0ea2b5.webp
UPDATED: Make your own package / Make your own package — Sidelocks -> service/skin-facial-care-make-your-own-package/2026-07-24-6a6360b4d72c3.webp
UPDATED: Make your own package / Make your own package — Underarms -> service/skin-facial-care-make-your-own-package/2026-07-24-6a6360b89970e.webp
UPDATED: Make your own package / Make your own package — Upper lip -> service/skin-facial-care-make-your-own-package/2026-07-24-6a6360bc3cc73.webp
UPDATED: Massage Services / Body Massage -> service/head-massage-1/2026-07-24-6a6360bfee8dc.webp
UPDATED: Massage Services / Body Polishing -> service/head-massage-1/2026-07-24-6a6360c3ab447.webp
UPDATED: Massage Services / Head Massage -> service/head-massage-1/2026-07-24-6a6360c75a2ec.webp
UPDATED: Women's  Face Cleanup / Cleanup Service -> service/womens-face-cleanup/2026-07-24-6a6360cb127eb.webp
UPDATED: Women's Facial Services / Anti aging Facial -> service/womens-facial-services/2026-07-24-6a6360cfdc451.webp
UPDATED: Women's Facial Services / Anti Tan Facial -> service/womens-facial-services/2026-07-24-6a6360d3ed36a.webp
UPDATED: Women's Facial Services / Daimond  Facial -> service/womens-facial-services/2026-07-24-6a6360d7d81fb.webp
UPDATED: Women's Facial Services / Herbal  Facial -> service/womens-facial-services/2026-07-24-6a6360dbc74aa.webp
UPDATED: Women's Facial Services / Kanepeki Facial -> service/womens-facial-services/2026-07-24-6a6360df73825.webp
UPDATED: Women's Facial Services / Lotus Facial -> service/womens-facial-services/2026-07-24-6a6360e3474e8.webp
UPDATED: Women's Facial Services / O3+ Shine & Glow -> service/womens-facial-services/2026-07-24-6a6360e709d4c.webp
UPDATED: Women's Facial Services / Pearl Facial -> service/womens-facial-services/2026-07-24-6a6360eae16ba.webp
UPDATED: Women's Facial Services / VLCC Brightening facial -> service/womens-facial-services/2026-07-24-6a6360eedd09f.webp
UPDATED: Women's Hair Coloring / Hair Highlight -> service/womens-hair-coloring/2026-07-24-6a6360f29d2ff.webp
UPDATED: Women's Hair Coloring / Henna application -> service/womens-hair-coloring/2026-07-24-6a6360f65902b.webp
UPDATED: Women's Hair Coloring / Streaks Global Color -> service/womens-hair-coloring/2026-07-24-6a6360fa20513.webp
UPDATED: Women's Hair Spa / L'Oreal Hair Spa -> service/womens-hair-spa/2026-07-24-6a6360fdcc59c.webp
UPDATED: Women's Hair Spa / Matrix Hair Spa -> service/womens-hair-spa/2026-07-24-6a636101c42c4.webp
UPDATED: Women's Hair Wash / Head Wash -> service/womens-hair-wash/2026-07-24-6a6361056a4e3.webp
UPDATED: Women's Hair Wash / Head wash & Blow dry -> service/womens-hair-wash/2026-07-24-6a63610911f3f.webp
UPDATED: Women's Manicure / Basic Manicure -> service/womens-manicure/2026-07-24-6a63610cdc78f.webp
UPDATED: Women's Manicure / DTan Manicure -> service/womens-manicure/2026-07-24-6a636110b607b.webp
UPDATED: Women's Manicure / Fruit Manicure -> service/womens-manicure/2026-07-24-6a6361146ffe8.webp
UPDATED: Women's Pedicure / Basic Pedicure -> service/womens-pedicure/2026-07-24-6a636118582c8.webp
UPDATED: Women's Pedicure / DTan Pedicure -> service/womens-pedicure/2026-07-24-6a63611c17ce8.webp
UPDATED: Women's Pedicure / Fruit Pedicure -> service/womens-pedicure/2026-07-24-6a6361202ca1e.webp
UPDATED: Women's Threading Services / Chin Threading -> service/womens-threading-services/2026-07-24-6a6361244a981.webp
UPDATED: Women's Threading Services / Eyebrows Threading -> service/womens-threading-services/2026-07-24-6a636128902f4.webp
UPDATED: Women's Threading Services / Forehead Threading -> service/womens-threading-services/2026-07-24-6a63612ca9302.webp
UPDATED: Women's Threading Services / Full Face Threading -> service/womens-threading-services/2026-07-24-6a6361343d580.webp
UPDATED: Women's Threading Services / Upper-Lip-Threading -> service/womens-threading-services/2026-07-24-6a636138557b9.webp
UPDATED: Women's Waxing Services / Bikini Waxing -> service/womens-waxing-services/2026-07-24-6a63613c21c0d.webp
UPDATED: Women's Waxing Services / Eyebrow Waxing -> service/womens-waxing-services/2026-07-24-6a63613fe2984.webp
UPDATED: Women's Waxing Services / Full Arm Waxing- Rica -> service/womens-waxing-services/2026-07-24-6a63614457264.webp
UPDATED: Women's Waxing Services / Full Body Waxing - RIca -> service/womens-waxing-services/2026-07-24-6a6361480a61c.webp
UPDATED: Women's Waxing Services / Full Face Waxing -> service/womens-waxing-services/2026-07-24-6a63614cd300f.webp
UPDATED: Women's Waxing Services / Full Leg - Rica -> service/womens-waxing-services/2026-07-24-6a63615078cc1.webp
UPDATED: Women's Waxing Services / Underarms Waxing -> service/womens-waxing-services/2026-07-24-6a6361542c743.webp
UPDATED: Women's Waxing Services / Upper Lip Waxing -> service/womens-waxing-services/2026-07-24-6a636157d0fe8.webp
UPDATED: Drip Irrigation Setup / Drip Irrigation Setup — Book Site Inspection -> service/drip-irrigation-setup/2026-07-24-6a63615bb5a79.webp
UPDATED: Garden Cleanup & Weeding / Garden Cleanup & Weeding — Large (500+ sq ft) -> service/garden-cleanup-weeding/2026-07-24-6a63615fc926c.webp
UPDATED: Garden Cleanup & Weeding / Garden Cleanup & Weeding — Medium (200–500 sq ft) -> service/garden-cleanup-weeding/2026-07-24-6a6361638bfd6.webp
UPDATED: Garden Cleanup & Weeding / Garden Cleanup & Weeding — Small (up to 200 sq ft) -> service/garden-cleanup-weeding/2026-07-24-6a63616738025.webp
UPDATED: Grass Edging & Levelling / Grass Edging & Levelling — Book Site Inspection -> service/grass-edging-levelling/2026-07-24-6a63616ad95fd.webp
UPDATED: Hedge Cutting / Hedge Cutting — Book Site Inspection -> service/hedge-cutting/2026-07-24-6a63616e90029.webp
UPDATED: Lawn Mowing & Trimming / Lawn Mowing & Trimming — Large (500+ sq ft) -> service/lawn-mowing-trimming/2026-07-24-6a6361726d048.webp
UPDATED: Lawn Mowing & Trimming / Lawn Mowing & Trimming — Medium (200–500 sq ft) -> service/lawn-mowing-trimming/2026-07-24-6a636176226c2.webp
UPDATED: Lawn Mowing & Trimming / Lawn Mowing & Trimming — Small (up to 200 sq ft) -> service/lawn-mowing-trimming/2026-07-24-6a636179d7679.webp
UPDATED: Leaf & Debris Removal / Leaf & Debris Removal — Large -> service/leaf-debris-removal/2026-07-24-6a63617d845b7.webp
UPDATED: Leaf & Debris Removal / Leaf & Debris Removal — Small -> service/leaf-debris-removal/2026-07-24-6a6361815ed36.webp
UPDATED: Monthly Garden Maintenance Plan / Monthly Garden Maintenance Plan — Large (500+ sq ft) -> service/monthly-garden-maintenance-plan/2026-07-24-6a6361850b82a.webp
UPDATED: Monthly Garden Maintenance Plan / Monthly Garden Maintenance Plan — Medium (200–500 sq ft) -> service/monthly-garden-maintenance-plan/2026-07-24-6a636188d22be.webp
UPDATED: Monthly Garden Maintenance Plan / Monthly Garden Maintenance Plan — Small (up to 200 sq ft) -> service/monthly-garden-maintenance-plan/2026-07-24-6a63618c9e48f.webp
UPDATED: Plant Pest & Disease Treatment / Plant Pest & Disease Treatment — Book Site Inspection -> service/plant-pest-disease-treatment/2026-07-24-6a6361905907c.webp
UPDATED: Plant Shaping & Deadheading / Plant Shaping & Deadheading — Book Site Inspection -> service/plant-shaping-deadheading/2026-07-24-6a63619411c6a.webp
UPDATED: Planting & Repotting / Planting & Repotting — Book Site Inspection -> service/planting-repotting/2026-07-24-6a636197a6bda.webp
UPDATED: Seasonal Garden Maintenance / Seasonal Garden Maintenance — Book Site Inspection -> service/seasonal-garden-maintenance/2026-07-24-6a63619b60a2f.webp
UPDATED: Soil Preparation & Fertilizing / Soil Preparation & Fertilizing — Book Site Inspection -> service/soil-preparation-fertilizing/2026-07-24-6a63619f4dc14.webp
UPDATED: Terrace & Balcony Garden Setup / Terrace & Balcony Garden Setup — Large -> service/terrace-balcony-garden-setup/2026-07-24-6a6361a31322e.webp
UPDATED: Terrace & Balcony Garden Setup / Terrace & Balcony Garden Setup — Small -> service/terrace-balcony-garden-setup/2026-07-24-6a6361a6f351f.webp
UPDATED: Tree & Shrub Pruning / Tree & Shrub Pruning — Book Site Inspection -> service/tree-shrub-pruning/2026-07-24-6a6361aaa2cbf.webp

Done. Updated: 220, Skipped: 0, Errors: 0
